Release 14.7 - xst P.20131013 (nt64)
Copyright (c) 1995-2013 Xilinx, Inc.  All rights reserved.
--> Parameter TMPDIR set to xst/projnav.tmp


Total REAL time to Xst completion: 0.00 secs
Total CPU time to Xst completion: 0.06 secs
 
--> Parameter xsthdpdir set to xst


Total REAL time to Xst completion: 0.00 secs
Total CPU time to Xst completion: 0.08 secs
 
--> Reading design: openmips_min_sopc.prj

TABLE OF CONTENTS
  1) Synthesis Options Summary
  2) HDL Compilation
  3) Design Hierarchy Analysis
  4) HDL Analysis
  5) HDL Synthesis
     5.1) HDL Synthesis Report
  6) Advanced HDL Synthesis
     6.1) Advanced HDL Synthesis Report
  7) Low Level Synthesis
  8) Partition Report
  9) Final Report
	9.1) Device utilization summary
	9.2) Partition Resource Summary
	9.3) TIMING REPORT


=========================================================================
*                      Synthesis Options Summary                        *
=========================================================================
---- Source Parameters
Input File Name                    : "openmips_min_sopc.prj"
Input Format                       : mixed
Ignore Synthesis Constraint File   : NO

---- Target Parameters
Output File Name                   : "openmips_min_sopc"
Output Format                      : NGC
Target Device                      : xc3s1200e-4-fg320

---- Source Options
Top Module Name                    : openmips_min_sopc
Automatic FSM Extraction           : YES
FSM Encoding Algorithm             : Auto
Safe Implementation                : No
FSM Style                          : LUT
RAM Extraction                     : Yes
RAM Style                          : Auto
ROM Extraction                     : Yes
Mux Style                          : Auto
Decoder Extraction                 : YES
Priority Encoder Extraction        : Yes
Shift Register Extraction          : YES
Logical Shifter Extraction         : YES
XOR Collapsing                     : YES
ROM Style                          : Auto
Mux Extraction                     : Yes
Resource Sharing                   : YES
Asynchronous To Synchronous        : NO
Multiplier Style                   : Auto
Automatic Register Balancing       : No

---- Target Options
Add IO Buffers                     : YES
Global Maximum Fanout              : 100000
Add Generic Clock Buffer(BUFG)     : 24
Register Duplication               : YES
Slice Packing                      : YES
Optimize Instantiated Primitives   : NO
Use Clock Enable                   : Yes
Use Synchronous Set                : Yes
Use Synchronous Reset              : Yes
Pack IO Registers into IOBs        : Auto
Equivalent register Removal        : YES

---- General Options
Optimization Goal                  : Speed
Optimization Effort                : 1
Keep Hierarchy                     : No
Netlist Hierarchy                  : As_Optimized
RTL Output                         : Yes
Global Optimization                : AllClockNets
Read Cores                         : YES
Write Timing Constraints           : NO
Cross Clock Analysis               : NO
Hierarchy Separator                : /
Bus Delimiter                      : <>
Case Specifier                     : Maintain
Slice Utilization Ratio            : 100
BRAM Utilization Ratio             : 100
Verilog 2001                       : YES
Auto BRAM Packing                  : NO
Slice Utilization Ratio Delta      : 5

=========================================================================


=========================================================================
*                          HDL Compilation                              *
=========================================================================
Compiling verilog file "regfile.v" in library work
Compiling verilog include file "defines.v"
Compiling verilog file "pc_reg.v" in library work
Compiling verilog include file "defines.v"
Module <regfile> compiled
Compiling verilog file "mem_wb.v" in library work
Compiling verilog include file "defines.v"
Module <pc_reg> compiled
Compiling verilog file "mem.v" in library work
Compiling verilog include file "defines.v"
Module <mem_wb> compiled
Compiling verilog file "if_id.v" in library work
Compiling verilog include file "defines.v"
Module <mem> compiled
Compiling verilog file "id_ex.v" in library work
Compiling verilog include file "defines.v"
Module <if_id> compiled
Compiling verilog file "id.v" in library work
Compiling verilog include file "defines.v"
Module <id_ex> compiled
Compiling verilog file "ex_mem.v" in library work
Compiling verilog include file "defines.v"
Module <id> compiled
Compiling verilog file "ex.v" in library work
Compiling verilog include file "defines.v"
Module <ex_mem> compiled
Compiling verilog file "openmips.v" in library work
Compiling verilog include file "defines.v"
Module <ex> compiled
Compiling verilog file "inst_rom.v" in library work
Compiling verilog include file "defines.v"
Module <openmips> compiled
Compiling verilog file "openmips_min_sopc.v" in library work
Compiling verilog include file "defines.v"
Module <inst_rom> compiled
Module <openmips_min_sopc> compiled
No errors in compilation
Analysis of file <"openmips_min_sopc.prj"> succeeded.
 

=========================================================================
*                     Design Hierarchy Analysis                         *
=========================================================================
Analyzing hierarchy for module <openmips_min_sopc> in library <work>.

Analyzing hierarchy for module <openmips> in library <work>.

Analyzing hierarchy for module <inst_rom> in library <work>.

Analyzing hierarchy for module <pc_reg> in library <work>.

Analyzing hierarchy for module <if_id> in library <work>.

Analyzing hierarchy for module <id> in library <work>.

Analyzing hierarchy for module <regfile> in library <work>.

Analyzing hierarchy for module <id_ex> in library <work>.

Analyzing hierarchy for module <ex> in library <work>.

Analyzing hierarchy for module <ex_mem> in library <work>.

Analyzing hierarchy for module <mem> in library <work>.

Analyzing hierarchy for module <mem_wb> in library <work>.


=========================================================================
*                            HDL Analysis                               *
=========================================================================
Analyzing top module <openmips_min_sopc>.
Module <openmips_min_sopc> is correct for synthesis.
 
Analyzing module <openmips> in library <work>.
Module <openmips> is correct for synthesis.
 
Analyzing module <pc_reg> in library <work>.
Module <pc_reg> is correct for synthesis.
 
Analyzing module <if_id> in library <work>.
Module <if_id> is correct for synthesis.
 
Analyzing module <id> in library <work>.
WARNING:Xst:905 - "id.v" line 116: One or more signals are missing in the sensitivity list of always block. To enable synthesis of FPGA/CPLD hardware, XST will assume that all necessary signals are present in the sensitivity list. Please note that the result of the synthesis may differ from the initial design specification. The missing signals are:
   <reg2_read_o>
Module <id> is correct for synthesis.
 
Analyzing module <regfile> in library <work>.
Module <regfile> is correct for synthesis.
 
Analyzing module <id_ex> in library <work>.
Module <id_ex> is correct for synthesis.
 
Analyzing module <ex> in library <work>.
Module <ex> is correct for synthesis.
 
Analyzing module <ex_mem> in library <work>.
Module <ex_mem> is correct for synthesis.
 
Analyzing module <mem> in library <work>.
Module <mem> is correct for synthesis.
 
Analyzing module <mem_wb> in library <work>.
Module <mem_wb> is correct for synthesis.
 
Analyzing module <inst_rom> in library <work>.
INFO:Xst:2546 - "inst_rom.v" line 47: reading initialization file "inst_rom.data".
WARNING:Xst:2319 - "inst_rom.v" line 47: Signal inst_mem in initial block is partially initialized. The initialization will be ignored.
Module <inst_rom> is correct for synthesis.
 

=========================================================================
*                           HDL Synthesis                               *
=========================================================================

Performing bidirectional port resolution...

Synthesizing Unit <inst_rom>.
    Related source file is "inst_rom.v".
WARNING:Xst:647 - Input <addr<31:19>> is never used. This port will be preserved and left unconnected if it belongs to a top-level block or it belongs to a sub-block and the hierarchy of this sub-block is preserved.
WARNING:Xst:647 - Input <addr<1:0>> is never used. This port will be preserved and left unconnected if it belongs to a top-level block or it belongs to a sub-block and the hierarchy of this sub-block is preserved.
WARNING:Xst:653 - Signal <inst_mem> is used but never assigned. This sourceless signal will be automatically connected to value 00000000000000000000000000000000.
