Release 14.7 - xst P.20131013 (nt64)
Copyright (c) 1995-2013 Xilinx, Inc.  All rights reserved.
--> Parameter TMPDIR set to xst/projnav.tmp


Total REAL time to Xst completion: 0.00 secs
Total CPU time to Xst completion: 0.09 secs
 
--> Parameter xsthdpdir set to xst


Total REAL time to Xst completion: 0.00 secs
Total CPU time to Xst completion: 0.09 secs
 
--> Reading design: openmips_min_sopc.prj

TABLE OF CONTENTS
  1) Synthesis Options Summary
  2) HDL Compilation
  3) Design Hierarchy Analysis
  4) HDL Analysis
  5) HDL Synthesis
     5.1) HDL Synthesis Report
  6) Advanced HDL Synthesis
     6.1) Advanced HDL Synthesis Report
  7) Low Level Synthesis
  8) Partition Report
  9) Final Report
	9.1) Device utilization summary
	9.2) Partition Resource Summary
	9.3) TIMING REPORT


=========================================================================
*                      Synthesis Options Summary                        *
=========================================================================
---- Source Parameters
Input File Name                    : "openmips_min_sopc.prj"
Input Format                       : mixed
Ignore Synthesis Constraint File   : NO

---- Target Parameters
Output File Name                   : "openmips_min_sopc"
Output Format                      : NGC
Target Device                      : xc3s1200e-4-fg320

---- Source Options
Top Module Name                    : openmips_min_sopc
Automatic FSM Extraction           : YES
FSM Encoding Algorithm             : Auto
Safe Implementation                : No
FSM Style                          : LUT
RAM Extraction                     : Yes
RAM Style                          : Auto
ROM Extraction                     : Yes
Mux Style                          : Auto
Decoder Extraction                 : YES
Priority Encoder Extraction        : Yes
Shift Register Extraction          : YES
Logical Shifter Extraction         : YES
XOR Collapsing                     : YES
ROM Style                          : Auto
Mux Extraction                     : Yes
Resource Sharing                   : YES
Asynchronous To Synchronous        : NO
Multiplier Style                   : Auto
Automatic Register Balancing       : No

---- Target Options
Add IO Buffers                     : YES
Global Maximum Fanout              : 100000
Add Generic Clock Buffer(BUFG)     : 24
Register Duplication               : YES
Slice Packing                      : YES
Optimize Instantiated Primitives   : NO
Use Clock Enable                   : Yes
Use Synchronous Set                : Yes
Use Synchronous Reset              : Yes
Pack IO Registers into IOBs        : Auto
Equivalent register Removal        : YES

---- General Options
Optimization Goal                  : Speed
Optimization Effort                : 1
Keep Hierarchy                     : No
Netlist Hierarchy                  : As_Optimized
RTL Output                         : Yes
Global Optimization                : AllClockNets
Read Cores                         : YES
Write Timing Constraints           : NO
Cross Clock Analysis               : NO
Hierarchy Separator                : /
Bus Delimiter                      : <>
Case Specifier                     : Maintain
Slice Utilization Ratio            : 100
BRAM Utilization Ratio             : 100
Verilog 2001                       : YES
Auto BRAM Packing                  : NO
Slice Utilization Ratio Delta      : 5

=========================================================================


=========================================================================
*                          HDL Compilation                              *
=========================================================================
Compiling verilog file "regfile.v" in library work
Compiling verilog include file "defines.v"
Compiling verilog file "pc_reg.v" in library work
Compiling verilog include file "defines.v"
Module <regfile> compiled
Compiling verilog file "mem_wb.v" in library work
Compiling verilog include file "defines.v"
Module <pc_reg> compiled
Compiling verilog file "mem.v" in library work
Compiling verilog include file "defines.v"
Module <mem_wb> compiled
Compiling verilog file "if_id.v" in library work
Compiling verilog include file "defines.v"
Module <mem> compiled
Compiling verilog file "id_ex.v" in library work
Compiling verilog include file "defines.v"
Module <if_id> compiled
Compiling verilog file "id.v" in library work
Compiling verilog include file "defines.v"
Module <id_ex> compiled
Compiling verilog file "ex_mem.v" in library work
Compiling verilog include file "defines.v"
Module <id> compiled
Compiling verilog file "ex.v" in library work
Compiling verilog include file "defines.v"
Module <ex_mem> compiled
Compiling verilog file "openmips.v" in library work
Compiling verilog include file "defines.v"
Module <ex> compiled
Compiling verilog file "inst_rom.v" in library work
Compiling verilog include file "defines.v"
Module <openmips> compiled
Compiling verilog file "openmips_min_sopc.v" in library work
Compiling verilog include file "defines.v"
Module <inst_rom> compiled
Module <openmips_min_sopc> compiled
No errors in compilation
Analysis of file <"openmips_min_sopc.prj"> succeeded.
 

=========================================================================
*                     Design Hierarchy Analysis                         *
=========================================================================
Analyzing hierarchy for module <openmips_min_sopc> in library <work>.

Analyzing hierarchy for module <openmips> in library <work>.

Analyzing hierarchy for module <inst_rom> in library <work>.

Analyzing hierarchy for module <pc_reg> in library <work>.

Analyzing hierarchy for module <if_id> in library <work>.

Analyzing hierarchy for module <id> in library <work>.

Analyzing hierarchy for module <regfile> in library <work>.

Analyzing hierarchy for module <id_ex> in library <work>.

Analyzing hierarchy for module <ex> in library <work>.

Analyzing hierarchy for module <ex_mem> in library <work>.

Analyzing hierarchy for module <mem> in library <work>.

Analyzing hierarchy for module <mem_wb> in library <work>.


=========================================================================
*                            HDL Analysis                               *
=========================================================================
Analyzing top module <openmips_min_sopc>.
Module <openmips_min_sopc> is correct for synthesis.
 
Analyzing module <openmips> in library <work>.
Module <openmips> is correct for synthesis.
 
Analyzing module <pc_reg> in library <work>.
Module <pc_reg> is correct for synthesis.
 
Analyzing module <if_id> in library <work>.
Module <if_id> is correct for synthesis.
 
Analyzing module <id> in library <work>.
Module <id> is correct for synthesis.
 
Analyzing module <regfile> in library <work>.
Module <regfile> is correct for synthesis.
 
Analyzing module <id_ex> in library <work>.
Module <id_ex> is correct for synthesis.
 
Analyzing module <ex> in library <work>.
Module <ex> is correct for synthesis.
 
Analyzing module <ex_mem> in library <work>.
Module <ex_mem> is correct for synthesis.
 
Analyzing module <mem> in library <work>.
Module <mem> is correct for synthesis.
 
Analyzing module <mem_wb> in library <work>.
Module <mem_wb> is correct for synthesis.
 
Analyzing module <inst_rom> in library <work>.
INFO:Xst:1433 - Contents of array <inst_mem> may be accessed with an index that exceeds the array size. This could cause simulation mismatch.
Module <inst_rom> is correct for synthesis.
 

=========================================================================
*                           HDL Synthesis                               *
=========================================================================

Performing bidirectional port resolution...

Synthesizing Unit <inst_rom>.
    Related source file is "inst_rom.v".
WARNING:Xst:647 - Input <addr<15:7>> is never used. This port will be preserved and left unconnected if it belongs to a top-level block or it belongs to a sub-block and the hierarchy of this sub-block is preserved.
WARNING:Xst:647 - Input <rst> is never used. This port will be preserved and left unconnected if it belongs to a top-level block or it belongs to a sub-block and the hierarchy of this sub-block is preserved.
    Found 127x16-bit ROM for signal <instDataTemp>.
    Summary:
	inferred   1 ROM(s).
Unit <inst_rom> synthesized.


Synthesizing Unit <pc_reg>.
    Related source file is "pc_reg.v".
    Found 1-bit register for signal <ce>.
    Found 16-bit up counter for signal <pc>.
    Summary:
	inferred   1 Counter(s).
	inferred   1 D-type flip-flop(s).
Unit <pc_reg> synthesized.


Synthesizing Unit <if_id>.
    Related source file is "if_id.v".
    Found 16-bit register for signal <id_pc>.
    Found 16-bit register for signal <id_inst>.
    Summary:
	inferred  32 D-type flip-flop(s).
Unit <if_id> synthesized.


Synthesizing Unit <id>.
    Related source file is "id.v".
WARNING:Xst:646 - Signal <pc_plus_2> is assigned but never used. This unconnected signal will be trimmed during the optimization process.
WARNING:Xst:646 - Signal <pc_plus_1> is assigned but never used. This unconnected signal will be trimmed during the optimization process.
WARNING:Xst:646 - Signal <op3> is assigned but never used. This unconnected signal will be trimmed during the optimization process.
WARNING:Xst:646 - Signal <op2> is assigned but never used. This unconnected signal will be trimmed during the optimization process.
WARNING:Xst:646 - Signal <instvalid> is assigned but never used. This unconnected signal will be trimmed during the optimization process.
    Found 16-bit subtractor for signal <inst_b_address>.
    Found 16-bit adder carry out for signal <inst_b_address$addsub0000> created at line 92.
    Found 4-bit comparator equal for signal <reg1_o$cmp_eq0000> created at line 248.
    Found 4-bit comparator equal for signal <reg1_o$cmp_eq0001> created at line 251.
    Found 4-bit comparator equal for signal <reg2_o$cmp_eq0000> created at line 266.
    Found 4-bit comparator equal for signal <reg2_o$cmp_eq0001> created at line 269.
    Summary:
	inferred   2 Adder/Subtractor(s).
	inferred   4 Comparator(s).
Unit <id> synthesized.


Synthesizing Unit <regfile>.
    Related source file is "regfile.v".
WARNING:Xst:1780 - Signal <IHDataTemp> is never used or assigned. This unconnected signal will be trimmed during the optimization process.
    Found 4-bit comparator equal for signal <rdata1$cmp_eq0001> created at line 99.
    Found 4-bit comparator equal for signal <rdata2$cmp_eq0001> created at line 114.
    Found 16-bit 16-to-1 multiplexer for signal <readDataTemp1>.
    Found 16-bit 16-to-1 multiplexer for signal <readDataTemp2>.
    Found 256-bit register for signal <regs>.
INFO:Xst:738 - HDL ADVISOR - 256 flip-flops were inferred for signal <regs>. You may be trying to describe a RAM in a way that is incompatible with block and distributed RAM resources available on Xilinx devices, or with a specific template that is not supported. Please review the Xilinx resources documentation and the XST user manual for coding guidelines. Taking advantage of RAM resources will lead to improved device usage and reduced synthesis time.
    Summary:
	inferred 256 D-type flip-flop(s).
	inferred   2 Comparator(s).
	inferred  32 Multiplexer(s).
Unit <regfile> synthesized.


Synthesizing Unit <id_ex>.
    Related source file is "id_ex.v".
    Found 16-bit register for signal <ex_link_address>.
    Found 1-bit register for signal <ex_is_in_delayslot>.
    Found 1-bit register for signal <is_in_delayslot_o>.
    Found 4-bit register for signal <ex_wd>.
    Found 8-bit register for signal <ex_aluop>.
    Found 1-bit register for signal <ex_wreg>.
    Found 16-bit register for signal <ex_reg1>.
    Found 16-bit register for signal <ex_reg2>.
    Found 3-bit register for signal <ex_alusel>.
    Summary:
	inferred  66 D-type flip-flop(s).
Unit <id_ex> synthesized.


Synthesizing Unit <ex>.
    Related source file is "ex.v".
WARNING:Xst:647 - Input <is_in_delayslot_i> is never used. This port will be preserved and left unconnected if it belongs to a top-level block or it belongs to a sub-block and the hierarchy of this sub-block is preserved.
WARNING:Xst:1780 - Signal <shiftres> is never used or assigned. This unconnected signal will be trimmed during the optimization process.
    Found 16-bit adder for signal <reg2_i_mux$addsub0000> created at line 64.
    Found 16-bit adder for signal <result_sum>.
    Summary:
	inferred   2 Adder/Subtractor(s).
Unit <ex> synthesized.


Synthesizing Unit <ex_mem>.
    Related source file is "ex_mem.v".
    Found 16-bit register for signal <mem_wdata>.
    Found 1-bit register for signal <mem_wreg>.
    Found 4-bit register for signal <mem_wd>.
    Summary:
	inferred  21 D-type flip-flop(s).
Unit <ex_mem> synthesized.


Synthesizing Unit <mem>.
    Related source file is "mem.v".
Unit <mem> synthesized.


Synthesizing Unit <mem_wb>.
    Related source file is "mem_wb.v".
    Found 16-bit register for signal <wb_wdata>.
    Found 4-bit register for signal <wb_wd>.
    Found 1-bit register for signal <wb_wreg>.
    Summary:
	inferred  21 D-type flip-flop(s).
Unit <mem_wb> synthesized.


Synthesizing Unit <openmips>.
    Related source file is "openmips.v".
WARNING:Xst:1780 - Signal <is_in_delayslot_o> is never used or assigned. This unconnected signal will be trimmed during the optimization process.
WARNING:Xst:1780 - Signal <id_read_IH_o> is never used or assigned. This unconnected signal will be trimmed during the optimization process.
WARNING:Xst:1780 - Signal <IH_data> is never used or assigned. This unconnected signal will be trimmed during the optimization process.
Unit <openmips> synthesized.


Synthesizing Unit <openmips_min_sopc>.
    Related source file is "openmips_min_sopc.v".
Unit <openmips_min_sopc> synthesized.


=========================================================================
HDL Synthesis Report

Macro Statistics
# ROMs                                                 : 1
 127x16-bit ROM                                        : 1
# Adders/Subtractors                                   : 4
 16-bit adder                                          : 2
 16-bit adder carry out                                : 1
 16-bit subtractor                                     : 1
# Counters                                             : 1
 16-bit up counter                                     : 1
# Registers                                            : 34
 1-bit register                                        : 6
 16-bit register                                       : 23
 3-bit register                                        : 1
 4-bit register                                        : 3
 8-bit register                                        : 1
# Comparators                                          : 6
 4-bit comparator equal                                : 6
# Multiplexers                                         : 2
 16-bit 16-to-1 multiplexer                            : 2

=========================================================================

=========================================================================
*                       Advanced HDL Synthesis                          *
=========================================================================

WARNING:Xst:1710 - FF/Latch <regs_13_8> (without init value) has a constant value of 0 in block <regfile1>. This FF/Latch will be trimmed during the optimization process.
WARNING:Xst:1710 - FF/Latch <regs_13_9> (without init value) has a constant value of 0 in block <regfile1>. This FF/Latch will be trimmed during the optimization process.
WARNING:Xst:1710 - FF/Latch <regs_13_10> (without init value) has a constant value of 0 in block <regfile1>. This FF/Latch will be trimmed during the optimization process.
WARNING:Xst:1710 - FF/Latch <regs_13_11> (without init value) has a constant value of 0 in block <regfile1>. This FF/Latch will be trimmed during the optimization process.
WARNING:Xst:1710 - FF/Latch <regs_13_12> (without init value) has a constant value of 0 in block <regfile1>. This FF/Latch will be trimmed during the optimization process.
WARNING:Xst:1710 - FF/Latch <regs_13_13> (without init value) has a constant value of 0 in block <regfile1>. This FF/Latch will be trimmed during the optimization process.
WARNING:Xst:1710 - FF/Latch <regs_13_14> (without init value) has a constant value of 0 in block <regfile1>. This FF/Latch will be trimmed during the optimization process.
WARNING:Xst:1710 - FF/Latch <regs_13_15> (without init value) has a constant value of 0 in block <regfile1>. This FF/Latch will be trimmed during the optimization process.
WARNING:Xst:1710 - FF/Latch <regs_14_0> (without init value) has a constant value of 0 in block <regfile1>. This FF/Latch will be trimmed during the optimization process.
WARNING:Xst:1710 - FF/Latch <regs_14_1> (without init value) has a constant value of 0 in block <regfile1>. This FF/Latch will be trimmed during the optimization process.
WARNING:Xst:1710 - FF/Latch <regs_14_2> (without init value) has a constant value of 0 in block <regfile1>. This FF/Latch will be trimmed during the optimization process.
WARNING:Xst:1710 - FF/Latch <regs_14_3> (without init value) has a constant value of 0 in block <regfile1>. This FF/Latch will be trimmed during the optimization process.
WARNING:Xst:1710 - FF/Latch <regs_14_4> (without init value) has a constant value of 0 in block <regfile1>. This FF/Latch will be trimmed during the optimization process.
WARNING:Xst:1710 - FF/Latch <regs_14_5> (without init value) has a constant value of 0 in block <regfile1>. This FF/Latch will be trimmed during the optimization process.
WARNING:Xst:1710 - FF/Latch <regs_14_6> (without init value) has a constant value of 0 in block <regfile1>. This FF/Latch will be trimmed during the optimization process.
WARNING:Xst:1710 - FF/Latch <regs_14_7> (without init value) has a constant value of 0 in block <regfile1>. This FF/Latch will be trimmed during the optimization process.
WARNING:Xst:1710 - FF/Latch <regs_14_8> (without init value) has a constant value of 0 in block <regfile1>. This FF/Latch will be trimmed during the optimization process.
WARNING:Xst:1710 - FF/Latch <regs_14_9> (without init value) has a constant value of 0 in block <regfile1>. This FF/Latch will be trimmed during the optimization process.
WARNING:Xst:1710 - FF/Latch <regs_14_10> (without init value) has a constant value of 0 in block <regfile1>. This FF/Latch will be trimmed during the optimization process.
WARNING:Xst:1710 - FF/Latch <regs_14_11> (without init value) has a constant value of 0 in block <regfile1>. This FF/Latch will be trimmed during the optimization process.
WARNING:Xst:1710 - FF/Latch <regs_11_3> (without init value) has a constant value of 0 in block <regfile1>. This FF/Latch will be trimmed during the optimization process.
WARNING:Xst:1710 - FF/Latch <regs_11_4> (without init value) has a constant value of 0 in block <regfile1>. This FF/Latch will be trimmed during the optimization process.
WARNING:Xst:1710 - FF/Latch <regs_11_5> (without init value) has a constant value of 0 in block <regfile1>. This FF/Latch will be trimmed during the optimization process.
WARNING:Xst:1710 - FF/Latch <regs_11_6> (without init value) has a constant value of 0 in block <regfile1>. This FF/Latch will be trimmed during the optimization process.
WARNING:Xst:1710 - FF/Latch <regs_11_7> (without init value) has a constant value of 0 in block <regfile1>. This FF/Latch will be trimmed during the optimization process.
WARNING:Xst:1710 - FF/Latch <regs_11_8> (without init value) has a constant value of 0 in block <regfile1>. This FF/Latch will be trimmed during the optimization process.
WARNING:Xst:1710 - FF/Latch <regs_11_9> (without init value) has a constant value of 0 in block <regfile1>. This FF/Latch will be trimmed during the optimization process.
WARNING:Xst:1710 - FF/Latch <regs_11_10> (without init value) has a constant value of 0 in block <regfile1>. This FF/Latch will be trimmed during the optimization process.
WARNING:Xst:1710 - FF/Latch <regs_11_11> (without init value) has a constant value of 0 in block <regfile1>. This FF/Latch will be trimmed during the optimization process.
WARNING:Xst:1710 - FF/Latch <regs_11_12> (without init value) has a constant value of 0 in block <regfile1>. This FF/Latch will be trimmed during the optimization process.
WARNING:Xst:1710 - FF/Latch <regs_11_13> (without init value) has a constant value of 0 in block <regfile1>. This FF/Latch will be trimmed during the optimization process.
WARNING:Xst:1710 - FF/Latch <regs_11_14> (without init value) has a constant value of 0 in block <regfile1>. This FF/Latch will be trimmed during the optimization process.
WARNING:Xst:1710 - FF/Latch <regs_11_15> (without init value) has a constant value of 0 in block <regfile1>. This FF/Latch will be trimmed during the optimization process.
WARNING:Xst:1710 - FF/Latch <regs_13_0> (without init value) has a constant value of 0 in block <regfile1>. This FF/Latch will be trimmed during the optimization process.
WARNING:Xst:1710 - FF/Latch <regs_13_1> (without init value) has a constant value of 0 in block <regfile1>. This FF/Latch will be trimmed during the optimization process.
WARNING:Xst:1710 - FF/Latch <regs_13_2> (without init value) has a constant value of 0 in block <regfile1>. This FF/Latch will be trimmed during the optimization process.
WARNING:Xst:1710 - FF/Latch <regs_13_3> (without init value) has a constant value of 0 in block <regfile1>. This FF/Latch will be trimmed during the optimization process.
WARNING:Xst:1710 - FF/Latch <regs_13_4> (without init value) has a constant value of 0 in block <regfile1>. This FF/Latch will be trimmed during the optimization process.
WARNING:Xst:1710 - FF/Latch <regs_13_5> (without init value) has a constant value of 0 in block <regfile1>. This FF/Latch will be trimmed during the optimization process.
WARNING:Xst:1710 - FF/Latch <regs_13_6> (without init value) has a constant value of 0 in block <regfile1>. This FF/Latch will be trimmed during the optimization process.
WARNING:Xst:1710 - FF/Latch <regs_13_7> (without init value) has a constant value of 0 in block <regfile1>. This FF/Latch will be trimmed during the optimization process.
WARNING:Xst:1710 - FF/Latch <ex_aluop_7> (without init value) has a constant value of 0 in block <id_ex0>. This FF/Latch will be trimmed during the optimization process.
WARNING:Xst:1710 - FF/Latch <ex_link_address_0> (without init value) has a constant value of 0 in block <id_ex0>. This FF/Latch will be trimmed during the optimization process.
WARNING:Xst:1710 - FF/Latch <ex_link_address_1> (without init value) has a constant value of 0 in block <id_ex0>. This FF/Latch will be trimmed during the optimization process.
WARNING:Xst:1710 - FF/Latch <ex_link_address_2> (without init value) has a constant value of 0 in block <id_ex0>. This FF/Latch will be trimmed during the optimization process.
WARNING:Xst:1710 - FF/Latch <ex_link_address_3> (without init value) has a constant value of 0 in block <id_ex0>. This FF/Latch will be trimmed during the optimization process.
WARNING:Xst:1710 - FF/Latch <ex_link_address_4> (without init value) has a constant value of 0 in block <id_ex0>. This FF/Latch will be trimmed during the optimization process.
WARNING:Xst:1710 - FF/Latch <ex_link_address_5> (without init value) has a constant value of 0 in block <id_ex0>. This FF/Latch will be trimmed during the optimization process.
WARNING:Xst:1710 - FF/Latch <ex_link_address_6> (without init value) has a constant value of 0 in block <id_ex0>. This FF/Latch will be trimmed during the optimization process.
WARNING:Xst:1710 - FF/Latch <ex_link_address_7> (without init value) has a constant value of 0 in block <id_ex0>. This FF/Latch will be trimmed during the optimization process.
WARNING:Xst:1710 - FF/Latch <ex_link_address_8> (without init value) has a constant value of 0 in block <id_ex0>. This FF/Latch will be trimmed during the optimization process.
WARNING:Xst:1710 - FF/Latch <ex_link_address_9> (without init value) has a constant value of 0 in block <id_ex0>. This FF/Latch will be trimmed during the optimization process.
WARNING:Xst:1710 - FF/Latch <ex_link_address_10> (without init value) has a constant value of 0 in block <id_ex0>. This FF/Latch will be trimmed during the optimization process.
WARNING:Xst:1710 - FF/Latch <ex_link_address_11> (without init value) has a constant value of 0 in block <id_ex0>. This FF/Latch will be trimmed during the optimization process.
WARNING:Xst:1710 - FF/Latch <ex_link_address_12> (without init value) has a constant value of 0 in block <id_ex0>. This FF/Latch will be trimmed during the optimization process.
WARNING:Xst:1710 - FF/Latch <ex_link_address_13> (without init value) has a constant value of 0 in block <id_ex0>. This FF/Latch will be trimmed during the optimization process.
WARNING:Xst:1710 - FF/Latch <ex_link_address_14> (without init value) has a constant value of 0 in block <id_ex0>. This FF/Latch will be trimmed during the optimization process.
WARNING:Xst:1710 - FF/Latch <ex_link_address_15> (without init value) has a constant value of 0 in block <id_ex0>. This FF/Latch will be trimmed during the optimization process.
WARNING:Xst:1710 - FF/Latch <ex_wd_3> (without init value) has a constant value of 0 in block <id_ex0>. This FF/Latch will be trimmed during the optimization process.
WARNING:Xst:1710 - FF/Latch <mem_wd_3> (without init value) has a constant value of 0 in block <ex_mem0>. This FF/Latch will be trimmed during the optimization process.
WARNING:Xst:1710 - FF/Latch <wb_wd_3> (without init value) has a constant value of 0 in block <mem_wb0>. This FF/Latch will be trimmed during the optimization process.
WARNING:Xst:1710 - FF/Latch <regs_14_12> (without init value) has a constant value of 0 in block <regfile1>. This FF/Latch will be trimmed during the optimization process.
WARNING:Xst:1710 - FF/Latch <regs_14_13> (without init value) has a constant value of 0 in block <regfile1>. This FF/Latch will be trimmed during the optimization process.
WARNING:Xst:1710 - FF/Latch <regs_14_14> (without init value) has a constant value of 0 in block <regfile1>. This FF/Latch will be trimmed during the optimization process.
WARNING:Xst:1710 - FF/Latch <regs_14_15> (without init value) has a constant value of 0 in block <regfile1>. This FF/Latch will be trimmed during the optimization process.
WARNING:Xst:1710 - FF/Latch <regs_15_0> (without init value) has a constant value of 0 in block <regfile1>. This FF/Latch will be trimmed during the optimization process.
WARNING:Xst:1710 - FF/Latch <regs_15_1> (without init value) has a constant value of 0 in block <regfile1>. This FF/Latch will be trimmed during the optimization process.
WARNING:Xst:1710 - FF/Latch <regs_15_2> (without init value) has a constant value of 0 in block <regfile1>. This FF/Latch will be trimmed during the optimization process.
WARNING:Xst:1710 - FF/Latch <regs_15_3> (without init value) has a constant value of 0 in block <regfile1>. This FF/Latch will be trimmed during the optimization process.
WARNING:Xst:1710 - FF/Latch <regs_15_4> (without init value) has a constant value of 0 in block <regfile1>. This FF/Latch will be trimmed during the optimization process.
WARNING:Xst:1710 - FF/Latch <regs_15_5> (without init value) has a constant value of 0 in block <regfile1>. This FF/Latch will be trimmed during the optimization process.
WARNING:Xst:1710 - FF/Latch <regs_15_6> (without init value) has a constant value of 0 in block <regfile1>. This FF/Latch will be trimmed during the optimization process.
WARNING:Xst:1710 - FF/Latch <regs_15_7> (without init value) has a constant value of 0 in block <regfile1>. This FF/Latch will be trimmed during the optimization process.
WARNING:Xst:1710 - FF/Latch <regs_15_8> (without init value) has a constant value of 0 in block <regfile1>. This FF/Latch will be trimmed during the optimization process.
WARNING:Xst:1710 - FF/Latch <regs_15_9> (without init value) has a constant value of 0 in block <regfile1>. This FF/Latch will be trimmed during the optimization process.
WARNING:Xst:1710 - FF/Latch <regs_15_10> (without init value) has a constant value of 0 in block <regfile1>. This FF/Latch will be trimmed during the optimization process.
WARNING:Xst:1710 - FF/Latch <regs_15_11> (without init value) has a constant value of 0 in block <regfile1>. This FF/Latch will be trimmed during the optimization process.
WARNING:Xst:1710 - FF/Latch <regs_15_12> (without init value) has a constant value of 0 in block <regfile1>. This FF/Latch will be trimmed during the optimization process.
WARNING:Xst:1710 - FF/Latch <regs_15_13> (without init value) has a constant value of 0 in block <regfile1>. This FF/Latch will be trimmed during the optimization process.
WARNING:Xst:1710 - FF/Latch <regs_15_14> (without init value) has a constant value of 0 in block <regfile1>. This FF/Latch will be trimmed during the optimization process.
WARNING:Xst:1710 - FF/Latch <regs_15_15> (without init value) has a constant value of 0 in block <regfile1>. This FF/Latch will be trimmed during the optimization process.
WARNING:Xst:1710 - FF/Latch <ex_aluop_4> (without init value) has a constant value of 0 in block <id_ex0>. This FF/Latch will be trimmed during the optimization process.
WARNING:Xst:1710 - FF/Latch <regs_8_5> (without init value) has a constant value of 0 in block <regfile1>. This FF/Latch will be trimmed during the optimization process.
WARNING:Xst:1710 - FF/Latch <regs_8_6> (without init value) has a constant value of 0 in block <regfile1>. This FF/Latch will be trimmed during the optimization process.
WARNING:Xst:1710 - FF/Latch <regs_8_7> (without init value) has a constant value of 0 in block <regfile1>. This FF/Latch will be trimmed during the optimization process.
WARNING:Xst:1710 - FF/Latch <regs_8_8> (without init value) has a constant value of 0 in block <regfile1>. This FF/Latch will be trimmed during the optimization process.
WARNING:Xst:1710 - FF/Latch <regs_8_9> (without init value) has a constant value of 0 in block <regfile1>. This FF/Latch will be trimmed during the optimization process.
WARNING:Xst:1710 - FF/Latch <regs_8_10> (without init value) has a constant value of 0 in block <regfile1>. This FF/Latch will be trimmed during the optimization process.
WARNING:Xst:1710 - FF/Latch <regs_8_11> (without init value) has a constant value of 0 in block <regfile1>. This FF/Latch will be trimmed during the optimization process.
WARNING:Xst:1710 - FF/Latch <regs_8_12> (without init value) has a constant value of 0 in block <regfile1>. This FF/Latch will be trimmed during the optimization process.
WARNING:Xst:1710 - FF/Latch <regs_8_13> (without init value) has a constant value of 0 in block <regfile1>. This FF/Latch will be trimmed during the optimization process.
WARNING:Xst:1710 - FF/Latch <regs_8_14> (without init value) has a constant value of 0 in block <regfile1>. This FF/Latch will be trimmed during the optimization process.
WARNING:Xst:1710 - FF/Latch <regs_8_15> (without init value) has a constant value of 0 in block <regfile1>. This FF/Latch will be trimmed during the optimization process.
WARNING:Xst:1710 - FF/Latch <regs_9_0> (without init value) has a constant value of 0 in block <regfile1>. This FF/Latch will be trimmed during the optimization process.
WARNING:Xst:1710 - FF/Latch <regs_9_1> (without init value) has a constant value of 0 in block <regfile1>. This FF/Latch will be trimmed during the optimization process.
WARNING:Xst:1710 - FF/Latch <regs_9_2> (without init value) has a constant value of 0 in block <regfile1>. This FF/Latch will be trimmed during the optimization process.
WARNING:Xst:1710 - FF/Latch <regs_9_3> (without init value) has a constant value of 0 in block <regfile1>. This FF/Latch will be trimmed during the optimization process.
WARNING:Xst:1710 - FF/Latch <regs_9_4> (without init value) has a constant value of 0 in block <regfile1>. This FF/Latch will be trimmed during the optimization process.
WARNING:Xst:1710 - FF/Latch <regs_9_5> (without init value) has a constant value of 0 in block <regfile1>. This FF/Latch will be trimmed during the optimization process.
WARNING:Xst:1710 - FF/Latch <regs_9_6> (without init value) has a constant value of 0 in block <regfile1>. This FF/Latch will be trimmed during the optimization process.
WARNING:Xst:1710 - FF/Latch <regs_9_7> (without init value) has a constant value of 0 in block <regfile1>. This FF/Latch will be trimmed during the optimization process.
WARNING:Xst:1710 - FF/Latch <regs_9_8> (without init value) has a constant value of 0 in block <regfile1>. This FF/Latch will be trimmed during the optimization process.
WARNING:Xst:1710 - FF/Latch <regs_0_0> (without init value) has a constant value of 0 in block <regfile1>. This FF/Latch will be trimmed during the optimization process.
WARNING:Xst:1710 - FF/Latch <regs_0_1> (without init value) has a constant value of 0 in block <regfile1>. This FF/Latch will be trimmed during the optimization process.
WARNING:Xst:1710 - FF/Latch <regs_0_2> (without init value) has a constant value of 0 in block <regfile1>. This FF/Latch will be trimmed during the optimization process.
WARNING:Xst:1710 - FF/Latch <regs_0_3> (without init value) has a constant value of 0 in block <regfile1>. This FF/Latch will be trimmed during the optimization process.
WARNING:Xst:1710 - FF/Latch <regs_0_4> (without init value) has a constant value of 0 in block <regfile1>. This FF/Latch will be trimmed during the optimization process.
WARNING:Xst:1710 - FF/Latch <regs_0_5> (without init value) has a constant value of 0 in block <regfile1>. This FF/Latch will be trimmed during the optimization process.
WARNING:Xst:1710 - FF/Latch <regs_0_6> (without init value) has a constant value of 0 in block <regfile1>. This FF/Latch will be trimmed during the optimization process.
WARNING:Xst:1710 - FF/Latch <regs_0_7> (without init value) has a constant value of 0 in block <regfile1>. This FF/Latch will be trimmed during the optimization process.
WARNING:Xst:1710 - FF/Latch <regs_0_8> (without init value) has a constant value of 0 in block <regfile1>. This FF/Latch will be trimmed during the optimization process.
WARNING:Xst:1710 - FF/Latch <regs_0_9> (without init value) has a constant value of 0 in block <regfile1>. This FF/Latch will be trimmed during the optimization process.
WARNING:Xst:1710 - FF/Latch <regs_0_10> (without init value) has a constant value of 0 in block <regfile1>. This FF/Latch will be trimmed during the optimization process.
WARNING:Xst:1710 - FF/Latch <regs_0_11> (without init value) has a constant value of 0 in block <regfile1>. This FF/Latch will be trimmed during the optimization process.
WARNING:Xst:1710 - FF/Latch <regs_0_12> (without init value) has a constant value of 0 in block <regfile1>. This FF/Latch will be trimmed during the optimization process.
WARNING:Xst:1710 - FF/Latch <regs_0_13> (without init value) has a constant value of 0 in block <regfile1>. This FF/Latch will be trimmed during the optimization process.
WARNING:Xst:1710 - FF/Latch <regs_0_14> (without init value) has a constant value of 0 in block <regfile1>. This FF/Latch will be trimmed during the optimization process.
WARNING:Xst:1710 - FF/Latch <regs_0_15> (without init value) has a constant value of 0 in block <regfile1>. This FF/Latch will be trimmed during the optimization process.
WARNING:Xst:1710 - FF/Latch <regs_8_0> (without init value) has a constant value of 0 in block <regfile1>. This FF/Latch will be trimmed during the optimization process.
WARNING:Xst:1710 - FF/Latch <regs_8_1> (without init value) has a constant value of 0 in block <regfile1>. This FF/Latch will be trimmed during the optimization process.
WARNING:Xst:1710 - FF/Latch <regs_8_2> (without init value) has a constant value of 0 in block <regfile1>. This FF/Latch will be trimmed during the optimization process.
WARNING:Xst:1710 - FF/Latch <regs_8_3> (without init value) has a constant value of 0 in block <regfile1>. This FF/Latch will be trimmed during the optimization process.
WARNING:Xst:1710 - FF/Latch <regs_8_4> (without init value) has a constant value of 0 in block <regfile1>. This FF/Latch will be trimmed during the optimization process.
WARNING:Xst:1710 - FF/Latch <regs_12_14> (without init value) has a constant value of 0 in block <regfile1>. This FF/Latch will be trimmed during the optimization process.
WARNING:Xst:1710 - FF/Latch <regs_12_15> (without init value) has a constant value of 0 in block <regfile1>. This FF/Latch will be trimmed during the optimization process.
WARNING:Xst:1710 - FF/Latch <regs_10_0> (without init value) has a constant value of 0 in block <regfile1>. This FF/Latch will be trimmed during the optimization process.
WARNING:Xst:1710 - FF/Latch <regs_10_1> (without init value) has a constant value of 0 in block <regfile1>. This FF/Latch will be trimmed during the optimization process.
WARNING:Xst:1710 - FF/Latch <regs_10_2> (without init value) has a constant value of 0 in block <regfile1>. This FF/Latch will be trimmed during the optimization process.
WARNING:Xst:1710 - FF/Latch <regs_10_3> (without init value) has a constant value of 0 in block <regfile1>. This FF/Latch will be trimmed during the optimization process.
WARNING:Xst:1710 - FF/Latch <regs_10_4> (without init value) has a constant value of 0 in block <regfile1>. This FF/Latch will be trimmed during the optimization process.
WARNING:Xst:1710 - FF/Latch <regs_10_5> (without init value) has a constant value of 0 in block <regfile1>. This FF/Latch will be trimmed during the optimization process.
WARNING:Xst:1710 - FF/Latch <regs_10_6> (without init value) has a constant value of 0 in block <regfile1>. This FF/Latch will be trimmed during the optimization process.
WARNING:Xst:1710 - FF/Latch <regs_10_7> (without init value) has a constant value of 0 in block <regfile1>. This FF/Latch will be trimmed during the optimization process.
WARNING:Xst:1710 - FF/Latch <regs_10_8> (without init value) has a constant value of 0 in block <regfile1>. This FF/Latch will be trimmed during the optimization process.
WARNING:Xst:1710 - FF/Latch <regs_10_9> (without init value) has a constant value of 0 in block <regfile1>. This FF/Latch will be trimmed during the optimization process.
WARNING:Xst:1710 - FF/Latch <regs_10_10> (without init value) has a constant value of 0 in block <regfile1>. This FF/Latch will be trimmed during the optimization process.
WARNING:Xst:1710 - FF/Latch <regs_10_11> (without init value) has a constant value of 0 in block <regfile1>. This FF/Latch will be trimmed during the optimization process.
WARNING:Xst:1710 - FF/Latch <regs_10_12> (without init value) has a constant value of 0 in block <regfile1>. This FF/Latch will be trimmed during the optimization process.
WARNING:Xst:1710 - FF/Latch <regs_10_13> (without init value) has a constant value of 0 in block <regfile1>. This FF/Latch will be trimmed during the optimization process.
WARNING:Xst:1710 - FF/Latch <regs_10_14> (without init value) has a constant value of 0 in block <regfile1>. This FF/Latch will be trimmed during the optimization process.
WARNING:Xst:1710 - FF/Latch <regs_10_15> (without init value) has a constant value of 0 in block <regfile1>. This FF/Latch will be trimmed during the optimization process.
WARNING:Xst:1710 - FF/Latch <regs_11_0> (without init value) has a constant value of 0 in block <regfile1>. This FF/Latch will be trimmed during the optimization process.
WARNING:Xst:1710 - FF/Latch <regs_11_1> (without init value) has a constant value of 0 in block <regfile1>. This FF/Latch will be trimmed during the optimization process.
WARNING:Xst:1710 - FF/Latch <regs_11_2> (without init value) has a constant value of 0 in block <regfile1>. This FF/Latch will be trimmed during the optimization process.
WARNING:Xst:1710 - FF/Latch <regs_9_9> (without init value) has a constant value of 0 in block <regfile1>. This FF/Latch will be trimmed during the optimization process.
WARNING:Xst:1710 - FF/Latch <regs_9_10> (without init value) has a constant value of 0 in block <regfile1>. This FF/Latch will be trimmed during the optimization process.
WARNING:Xst:1710 - FF/Latch <regs_9_11> (without init value) has a constant value of 0 in block <regfile1>. This FF/Latch will be trimmed during the optimization process.
WARNING:Xst:1710 - FF/Latch <regs_9_12> (without init value) has a constant value of 0 in block <regfile1>. This FF/Latch will be trimmed during the optimization process.
WARNING:Xst:1710 - FF/Latch <regs_9_13> (without init value) has a constant value of 0 in block <regfile1>. This FF/Latch will be trimmed during the optimization process.
WARNING:Xst:1710 - FF/Latch <regs_9_14> (without init value) has a constant value of 0 in block <regfile1>. This FF/Latch will be trimmed during the optimization process.
WARNING:Xst:1710 - FF/Latch <regs_9_15> (without init value) has a constant value of 0 in block <regfile1>. This FF/Latch will be trimmed during the optimization process.
WARNING:Xst:1710 - FF/Latch <regs_12_0> (without init value) has a constant value of 0 in block <regfile1>. This FF/Latch will be trimmed during the optimization process.
WARNING:Xst:1710 - FF/Latch <regs_12_1> (without init value) has a constant value of 0 in block <regfile1>. This FF/Latch will be trimmed during the optimization process.
WARNING:Xst:1710 - FF/Latch <regs_12_2> (without init value) has a constant value of 0 in block <regfile1>. This FF/Latch will be trimmed during the optimization process.
WARNING:Xst:1710 - FF/Latch <regs_12_3> (without init value) has a constant value of 0 in block <regfile1>. This FF/Latch will be trimmed during the optimization process.
WARNING:Xst:1710 - FF/Latch <regs_12_4> (without init value) has a constant value of 0 in block <regfile1>. This FF/Latch will be trimmed during the optimization process.
WARNING:Xst:1710 - FF/Latch <regs_12_5> (without init value) has a constant value of 0 in block <regfile1>. This FF/Latch will be trimmed during the optimization process.
WARNING:Xst:1710 - FF/Latch <regs_12_6> (without init value) has a constant value of 0 in block <regfile1>. This FF/Latch will be trimmed during the optimization process.
WARNING:Xst:1710 - FF/Latch <regs_12_7> (without init value) has a constant value of 0 in block <regfile1>. This FF/Latch will be trimmed during the optimization process.
WARNING:Xst:1710 - FF/Latch <regs_12_8> (without init value) has a constant value of 0 in block <regfile1>. This FF/Latch will be trimmed during the optimization process.
WARNING:Xst:1710 - FF/Latch <regs_12_9> (without init value) has a constant value of 0 in block <regfile1>. This FF/Latch will be trimmed during the optimization process.
WARNING:Xst:1710 - FF/Latch <regs_12_10> (without init value) has a constant value of 0 in block <regfile1>. This FF/Latch will be trimmed during the optimization process.
WARNING:Xst:1710 - FF/Latch <regs_12_11> (without init value) has a constant value of 0 in block <regfile1>. This FF/Latch will be trimmed during the optimization process.
WARNING:Xst:1710 - FF/Latch <regs_12_12> (without init value) has a constant value of 0 in block <regfile1>. This FF/Latch will be trimmed during the optimization process.
WARNING:Xst:1710 - FF/Latch <regs_12_13> (without init value) has a constant value of 0 in block <regfile1>. This FF/Latch will be trimmed during the optimization process.

=========================================================================
Advanced HDL Synthesis Report

Macro Statistics
# ROMs                                                 : 1
 127x16-bit ROM                                        : 1
# Adders/Subtractors                                   : 4
 16-bit adder                                          : 2
 16-bit adder carry out                                : 1
 16-bit subtractor                                     : 1
# Counters                                             : 1
 16-bit up counter                                     : 1
# Registers                                            : 397
 Flip-Flops                                            : 397
# Comparators                                          : 6
 4-bit comparator equal                                : 6
# Multiplexers                                         : 32
 1-bit 16-to-1 multiplexer                             : 32

=========================================================================

=========================================================================
*                         Low Level Synthesis                           *
=========================================================================
WARNING:Xst:1710 - FF/Latch <regs_0_0> (without init value) has a constant value of 0 in block <regfile>. This FF/Latch will be trimmed during the optimization process.
WARNING:Xst:1895 - Due to other FF/Latch trimming, FF/Latch <regs_0_1> (without init value) has a constant value of 0 in block <regfile>. This FF/Latch will be trimmed during the optimization process.
WARNING:Xst:1895 - Due to other FF/Latch trimming, FF/Latch <regs_0_2> (without init value) has a constant value of 0 in block <regfile>. This FF/Latch will be trimmed during the optimization process.
WARNING:Xst:1895 - Due to other FF/Latch trimming, FF/Latch <regs_0_3> (without init value) has a constant value of 0 in block <regfile>. This FF/Latch will be trimmed during the optimization process.
WARNING:Xst:1895 - Due to other FF/Latch trimming, FF/Latch <regs_0_4> (without init value) has a constant value of 0 in block <regfile>. This FF/Latch will be trimmed during the optimization process.
WARNING:Xst:1895 - Due to other FF/Latch trimming, FF/Latch <regs_0_5> (without init value) has a constant value of 0 in block <regfile>. This FF/Latch will be trimmed during the optimization process.
WARNING:Xst:1895 - Due to other FF/Latch trimming, FF/Latch <regs_0_6> (without init value) has a constant value of 0 in block <regfile>. This FF/Latch will be trimmed during the optimization process.
WARNING:Xst:1895 - Due to other FF/Latch trimming, FF/Latch <regs_0_7> (without init value) has a constant value of 0 in block <regfile>. This FF/Latch will be trimmed during the optimization process.
WARNING:Xst:1895 - Due to other FF/Latch trimming, FF/Latch <regs_0_8> (without init value) has a constant value of 0 in block <regfile>. This FF/Latch will be trimmed during the optimization process.
WARNING:Xst:1895 - Due to other FF/Latch trimming, FF/Latch <regs_0_9> (without init value) has a constant value of 0 in block <regfile>. This FF/Latch will be trimmed during the optimization process.
WARNING:Xst:1895 - Due to other FF/Latch trimming, FF/Latch <regs_0_10> (without init value) has a constant value of 0 in block <regfile>. This FF/Latch will be trimmed during the optimization process.
WARNING:Xst:1895 - Due to other FF/Latch trimming, FF/Latch <regs_0_11> (without init value) has a constant value of 0 in block <regfile>. This FF/Latch will be trimmed during the optimization process.
WARNING:Xst:1895 - Due to other FF/Latch trimming, FF/Latch <regs_0_12> (without init value) has a constant value of 0 in block <regfile>. This FF/Latch will be trimmed during the optimization process.
WARNING:Xst:1895 - Due to other FF/Latch trimming, FF/Latch <regs_0_13> (without init value) has a constant value of 0 in block <regfile>. This FF/Latch will be trimmed during the optimization process.
WARNING:Xst:1895 - Due to other FF/Latch trimming, FF/Latch <regs_0_14> (without init value) has a constant value of 0 in block <regfile>. This FF/Latch will be trimmed during the optimization process.
WARNING:Xst:1895 - Due to other FF/Latch trimming, FF/Latch <regs_0_15> (without init value) has a constant value of 0 in block <regfile>. This FF/Latch will be trimmed during the optimization process.

Optimizing unit <openmips_min_sopc> ...

Optimizing unit <if_id> ...

Optimizing unit <id> ...

Optimizing unit <regfile> ...

Optimizing unit <id_ex> ...

Optimizing unit <ex> ...

Optimizing unit <ex_mem> ...

Optimizing unit <mem_wb> ...

Optimizing unit <openmips> ...
WARNING:Xst:1710 - FF/Latch <openmips0/regfile1/regs_11_9> (without init value) has a constant value of 0 in block <openmips_min_sopc>. This FF/Latch will be trimmed during the optimization process.
WARNING:Xst:1895 - Due to other FF/Latch trimming, FF/Latch <openmips0/regfile1/regs_11_10> (without init value) has a constant value of 0 in block <openmips_min_sopc>. This FF/Latch will be trimmed during the optimization process.
WARNING:Xst:1895 - Due to other FF/Latch trimming, FF/Latch <openmips0/regfile1/regs_11_11> (without init value) has a constant value of 0 in block <openmips_min_sopc>. This FF/Latch will be trimmed during the optimization process.
WARNING:Xst:1895 - Due to other FF/Latch trimming, FF/Latch <openmips0/regfile1/regs_11_12> (without init value) has a constant value of 0 in block <openmips_min_sopc>. This FF/Latch will be trimmed during the optimization process.
WARNING:Xst:1895 - Due to other FF/Latch trimming, FF/Latch <openmips0/regfile1/regs_11_13> (without init value) has a constant value of 0 in block <openmips_min_sopc>. This FF/Latch will be trimmed during the optimization process.
WARNING:Xst:1895 - Due to other FF/Latch trimming, FF/Latch <openmips0/regfile1/regs_11_14> (without init value) has a constant value of 0 in block <openmips_min_sopc>. This FF/Latch will be trimmed during the optimization process.
WARNING:Xst:1895 - Due to other FF/Latch trimming, FF/Latch <openmips0/regfile1/regs_11_15> (without init value) has a constant value of 0 in block <openmips_min_sopc>. This FF/Latch will be trimmed during the optimization process.
WARNING:Xst:1895 - Due to other FF/Latch trimming, FF/Latch <openmips0/regfile1/regs_13_0> (without init value) has a constant value of 0 in block <openmips_min_sopc>. This FF/Latch will be trimmed during the optimization process.
WARNING:Xst:1895 - Due to other FF/Latch trimming, FF/Latch <openmips0/regfile1/regs_13_1> (without init value) has a constant value of 0 in block <openmips_min_sopc>. This FF/Latch will be trimmed during the optimization process.
WARNING:Xst:1895 - Due to other FF/Latch trimming, FF/Latch <openmips0/regfile1/regs_13_2> (without init value) has a constant value of 0 in block <openmips_min_sopc>. This FF/Latch will be trimmed during the optimization process.
WARNING:Xst:1895 - Due to other FF/Latch trimming, FF/Latch <openmips0/regfile1/regs_13_3> (without init value) has a constant value of 0 in block <openmips_min_sopc>. This FF/Latch will be trimmed during the optimization process.
WARNING:Xst:1895 - Due to other FF/Latch trimming, FF/Latch <openmips0/regfile1/regs_13_4> (without init value) has a constant value of 0 in block <openmips_min_sopc>. This FF/Latch will be trimmed during the optimization process.
WARNING:Xst:1895 - Due to other FF/Latch trimming, FF/Latch <openmips0/regfile1/regs_13_5> (without init value) has a constant value of 0 in block <openmips_min_sopc>. This FF/Latch will be trimmed during the optimization process.
WARNING:Xst:1895 - Due to other FF/Latch trimming, FF/Latch <openmips0/regfile1/regs_13_6> (without init value) has a constant value of 0 in block <openmips_min_sopc>. This FF/Latch will be trimmed during the optimization process.
WARNING:Xst:1895 - Due to other FF/Latch trimming, FF/Latch <openmips0/regfile1/regs_13_7> (without init value) has a constant value of 0 in block <openmips_min_sopc>. This FF/Latch will be trimmed during the optimization process.
WARNING:Xst:1895 - Due to other FF/Latch trimming, FF/Latch <openmips0/regfile1/regs_13_8> (without init value) has a constant value of 0 in block <openmips_min_sopc>. This FF/Latch will be trimmed during the optimization process.
WARNING:Xst:1895 - Due to other FF/Latch trimming, FF/Latch <openmips0/regfile1/regs_13_9> (without init value) has a constant value of 0 in block <openmips_min_sopc>. This FF/Latch will be trimmed during the optimization process.
WARNING:Xst:1895 - Due to other FF/Latch trimming, FF/Latch <openmips0/regfile1/regs_13_10> (without init value) has a constant value of 0 in block <openmips_min_sopc>. This FF/Latch will be trimmed during the optimization process.
WARNING:Xst:1895 - Due to other FF/Latch trimming, FF/Latch <openmips0/regfile1/regs_10_6> (without init value) has a constant value of 0 in block <openmips_min_sopc>. This FF/Latch will be trimmed during the optimization process.
WARNING:Xst:1895 - Due to other FF/Latch trimming, FF/Latch <openmips0/regfile1/regs_10_7> (without init value) has a constant value of 0 in block <openmips_min_sopc>. This FF/Latch will be trimmed during the optimization process.
WARNING:Xst:1895 - Due to other FF/Latch trimming, FF/Latch <openmips0/regfile1/regs_10_8> (without init value) has a constant value of 0 in block <openmips_min_sopc>. This FF/Latch will be trimmed during the optimization process.
WARNING:Xst:1895 - Due to other FF/Latch trimming, FF/Latch <openmips0/regfile1/regs_10_9> (without init value) has a constant value of 0 in block <openmips_min_sopc>. This FF/Latch will be trimmed during the optimization process.
WARNING:Xst:1895 - Due to other FF/Latch trimming, FF/Latch <openmips0/regfile1/regs_10_10> (without init value) has a constant value of 0 in block <openmips_min_sopc>. This FF/Latch will be trimmed during the optimization process.
WARNING:Xst:1895 - Due to other FF/Latch trimming, FF/Latch <openmips0/regfile1/regs_10_11> (without init value) has a constant value of 0 in block <openmips_min_sopc>. This FF/Latch will be trimmed during the optimization process.
WARNING:Xst:1895 - Due to other FF/Latch trimming, FF/Latch <openmips0/regfile1/regs_10_12> (without init value) has a constant value of 0 in block <openmips_min_sopc>. This FF/Latch will be trimmed during the optimization process.
WARNING:Xst:1895 - Due to other FF/Latch trimming, FF/Latch <openmips0/regfile1/regs_10_13> (without init value) has a constant value of 0 in block <openmips_min_sopc>. This FF/Latch will be trimmed during the optimization process.
WARNING:Xst:1895 - Due to other FF/Latch trimming, FF/Latch <openmips0/regfile1/regs_10_14> (without init value) has a constant value of 0 in block <openmips_min_sopc>. This FF/Latch will be trimmed during the optimization process.
WARNING:Xst:1895 - Due to other FF/Latch trimming, FF/Latch <openmips0/regfile1/regs_10_15> (without init value) has a constant value of 0 in block <openmips_min_sopc>. This FF/Latch will be trimmed during the optimization process.
WARNING:Xst:1895 - Due to other FF/Latch trimming, FF/Latch <openmips0/regfile1/regs_11_0> (without init value) has a constant value of 0 in block <openmips_min_sopc>. This FF/Latch will be trimmed during the optimization process.
WARNING:Xst:1895 - Due to other FF/Latch trimming, FF/Latch <openmips0/regfile1/regs_11_1> (without init value) has a constant value of 0 in block <openmips_min_sopc>. This FF/Latch will be trimmed during the optimization process.
WARNING:Xst:1895 - Due to other FF/Latch trimming, FF/Latch <openmips0/regfile1/regs_11_2> (without init value) has a constant value of 0 in block <openmips_min_sopc>. This FF/Latch will be trimmed during the optimization process.
WARNING:Xst:1895 - Due to other FF/Latch trimming, FF/Latch <openmips0/regfile1/regs_11_3> (without init value) has a constant value of 0 in block <openmips_min_sopc>. This FF/Latch will be trimmed during the optimization process.
WARNING:Xst:1895 - Due to other FF/Latch trimming, FF/Latch <openmips0/regfile1/regs_11_4> (without init value) has a constant value of 0 in block <openmips_min_sopc>. This FF/Latch will be trimmed during the optimization process.
WARNING:Xst:1895 - Due to other FF/Latch trimming, FF/Latch <openmips0/regfile1/regs_11_5> (without init value) has a constant value of 0 in block <openmips_min_sopc>. This FF/Latch will be trimmed during the optimization process.
WARNING:Xst:1895 - Due to other FF/Latch trimming, FF/Latch <openmips0/regfile1/regs_11_6> (without init value) has a constant value of 0 in block <openmips_min_sopc>. This FF/Latch will be trimmed during the optimization process.
WARNING:Xst:1895 - Due to other FF/Latch trimming, FF/Latch <openmips0/regfile1/regs_11_7> (without init value) has a constant value of 0 in block <openmips_min_sopc>. This FF/Latch will be trimmed during the optimization process.
WARNING:Xst:1895 - Due to other FF/Latch trimming, FF/Latch <openmips0/regfile1/regs_11_8> (without init value) has a constant value of 0 in block <openmips_min_sopc>. This FF/Latch will be trimmed during the optimization process.
WARNING:Xst:1895 - Due to other FF/Latch trimming, FF/Latch <openmips0/regfile1/regs_14_14> (without init value) has a constant value of 0 in block <openmips_min_sopc>. This FF/Latch will be trimmed during the optimization process.
WARNING:Xst:1895 - Due to other FF/Latch trimming, FF/Latch <openmips0/regfile1/regs_14_15> (without init value) has a constant value of 0 in block <openmips_min_sopc>. This FF/Latch will be trimmed during the optimization process.
WARNING:Xst:1895 - Due to other FF/Latch trimming, FF/Latch <openmips0/regfile1/regs_15_0> (without init value) has a constant value of 0 in block <openmips_min_sopc>. This FF/Latch will be trimmed during the optimization process.
WARNING:Xst:1895 - Due to other FF/Latch trimming, FF/Latch <openmips0/regfile1/regs_15_1> (without init value) has a constant value of 0 in block <openmips_min_sopc>. This FF/Latch will be trimmed during the optimization process.
WARNING:Xst:1895 - Due to other FF/Latch trimming, FF/Latch <openmips0/regfile1/regs_15_2> (without init value) has a constant value of 0 in block <openmips_min_sopc>. This FF/Latch will be trimmed during the optimization process.
WARNING:Xst:1895 - Due to other FF/Latch trimming, FF/Latch <openmips0/regfile1/regs_15_3> (without init value) has a constant value of 0 in block <openmips_min_sopc>. This FF/Latch will be trimmed during the optimization process.
WARNING:Xst:1895 - Due to other FF/Latch trimming, FF/Latch <openmips0/regfile1/regs_15_4> (without init value) has a constant value of 0 in block <openmips_min_sopc>. This FF/Latch will be trimmed during the optimization process.
WARNING:Xst:1895 - Due to other FF/Latch trimming, FF/Latch <openmips0/regfile1/regs_15_5> (without init value) has a constant value of 0 in block <openmips_min_sopc>. This FF/Latch will be trimmed during the optimization process.
WARNING:Xst:1895 - Due to other FF/Latch trimming, FF/Latch <openmips0/regfile1/regs_15_6> (without init value) has a constant value of 0 in block <openmips_min_sopc>. This FF/Latch will be trimmed during the optimization process.
WARNING:Xst:1895 - Due to other FF/Latch trimming, FF/Latch <openmips0/regfile1/regs_15_7> (without init value) has a constant value of 0 in block <openmips_min_sopc>. This FF/Latch will be trimmed during the optimization process.
WARNING:Xst:1895 - Due to other FF/Latch trimming, FF/Latch <openmips0/regfile1/regs_15_8> (without init value) has a constant value of 0 in block <openmips_min_sopc>. This FF/Latch will be trimmed during the optimization process.
WARNING:Xst:1895 - Due to other FF/Latch trimming, FF/Latch <openmips0/regfile1/regs_15_9> (without init value) has a constant value of 0 in block <openmips_min_sopc>. This FF/Latch will be trimmed during the optimization process.
WARNING:Xst:1895 - Due to other FF/Latch trimming, FF/Latch <openmips0/regfile1/regs_15_10> (without init value) has a constant value of 0 in block <openmips_min_sopc>. This FF/Latch will be trimmed during the optimization process.
WARNING:Xst:1895 - Due to other FF/Latch trimming, FF/Latch <openmips0/regfile1/regs_15_11> (without init value) has a constant value of 0 in block <openmips_min_sopc>. This FF/Latch will be trimmed during the optimization process.
WARNING:Xst:1895 - Due to other FF/Latch trimming, FF/Latch <openmips0/regfile1/regs_15_12> (without init value) has a constant value of 0 in block <openmips_min_sopc>. This FF/Latch will be trimmed during the optimization process.
WARNING:Xst:1895 - Due to other FF/Latch trimming, FF/Latch <openmips0/regfile1/regs_15_13> (without init value) has a constant value of 0 in block <openmips_min_sopc>. This FF/Latch will be trimmed during the optimization process.
WARNING:Xst:1895 - Due to other FF/Latch trimming, FF/Latch <openmips0/regfile1/regs_15_14> (without init value) has a constant value of 0 in block <openmips_min_sopc>. This FF/Latch will be trimmed during the optimization process.
WARNING:Xst:1895 - Due to other FF/Latch trimming, FF/Latch <openmips0/regfile1/regs_15_15> (without init value) has a constant value of 0 in block <openmips_min_sopc>. This FF/Latch will be trimmed during the optimization process.
WARNING:Xst:1895 - Due to other FF/Latch trimming, FF/Latch <openmips0/if_id0/id_inst_1> (without init value) has a constant value of 0 in block <openmips_min_sopc>. This FF/Latch will be trimmed during the optimization process.
WARNING:Xst:1895 - Due to other FF/Latch trimming, FF/Latch <openmips0/regfile1/regs_13_11> (without init value) has a constant value of 0 in block <openmips_min_sopc>. This FF/Latch will be trimmed during the optimization process.
WARNING:Xst:1895 - Due to other FF/Latch trimming, FF/Latch <openmips0/regfile1/regs_13_12> (without init value) has a constant value of 0 in block <openmips_min_sopc>. This FF/Latch will be trimmed during the optimization process.
WARNING:Xst:1895 - Due to other FF/Latch trimming, FF/Latch <openmips0/regfile1/regs_13_13> (without init value) has a constant value of 0 in block <openmips_min_sopc>. This FF/Latch will be trimmed during the optimization process.
WARNING:Xst:1895 - Due to other FF/Latch trimming, FF/Latch <openmips0/regfile1/regs_13_14> (without init value) has a constant value of 0 in block <openmips_min_sopc>. This FF/Latch will be trimmed during the optimization process.
WARNING:Xst:1895 - Due to other FF/Latch trimming, FF/Latch <openmips0/regfile1/regs_13_15> (without init value) has a constant value of 0 in block <openmips_min_sopc>. This FF/Latch will be trimmed during the optimization process.
WARNING:Xst:1895 - Due to other FF/Latch trimming, FF/Latch <openmips0/regfile1/regs_14_0> (without init value) has a constant value of 0 in block <openmips_min_sopc>. This FF/Latch will be trimmed during the optimization process.
WARNING:Xst:1895 - Due to other FF/Latch trimming, FF/Latch <openmips0/regfile1/regs_14_1> (without init value) has a constant value of 0 in block <openmips_min_sopc>. This FF/Latch will be trimmed during the optimization process.
WARNING:Xst:1895 - Due to other FF/Latch trimming, FF/Latch <openmips0/regfile1/regs_14_2> (without init value) has a constant value of 0 in block <openmips_min_sopc>. This FF/Latch will be trimmed during the optimization process.
WARNING:Xst:1895 - Due to other FF/Latch trimming, FF/Latch <openmips0/regfile1/regs_14_3> (without init value) has a constant value of 0 in block <openmips_min_sopc>. This FF/Latch will be trimmed during the optimization process.
WARNING:Xst:1895 - Due to other FF/Latch trimming, FF/Latch <openmips0/regfile1/regs_14_4> (without init value) has a constant value of 0 in block <openmips_min_sopc>. This FF/Latch will be trimmed during the optimization process.
WARNING:Xst:1895 - Due to other FF/Latch trimming, FF/Latch <openmips0/regfile1/regs_14_5> (without init value) has a constant value of 0 in block <openmips_min_sopc>. This FF/Latch will be trimmed during the optimization process.
WARNING:Xst:1895 - Due to other FF/Latch trimming, FF/Latch <openmips0/regfile1/regs_14_6> (without init value) has a constant value of 0 in block <openmips_min_sopc>. This FF/Latch will be trimmed during the optimization process.
WARNING:Xst:1895 - Due to other FF/Latch trimming, FF/Latch <openmips0/regfile1/regs_14_7> (without init value) has a constant value of 0 in block <openmips_min_sopc>. This FF/Latch will be trimmed during the optimization process.
WARNING:Xst:1895 - Due to other FF/Latch trimming, FF/Latch <openmips0/regfile1/regs_14_8> (without init value) has a constant value of 0 in block <openmips_min_sopc>. This FF/Latch will be trimmed during the optimization process.
WARNING:Xst:1895 - Due to other FF/Latch trimming, FF/Latch <openmips0/regfile1/regs_14_9> (without init value) has a constant value of 0 in block <openmips_min_sopc>. This FF/Latch will be trimmed during the optimization process.
WARNING:Xst:1895 - Due to other FF/Latch trimming, FF/Latch <openmips0/regfile1/regs_14_10> (without init value) has a constant value of 0 in block <openmips_min_sopc>. This FF/Latch will be trimmed during the optimization process.
WARNING:Xst:1895 - Due to other FF/Latch trimming, FF/Latch <openmips0/regfile1/regs_14_11> (without init value) has a constant value of 0 in block <openmips_min_sopc>. This FF/Latch will be trimmed during the optimization process.
WARNING:Xst:1895 - Due to other FF/Latch trimming, FF/Latch <openmips0/regfile1/regs_14_12> (without init value) has a constant value of 0 in block <openmips_min_sopc>. This FF/Latch will be trimmed during the optimization process.
WARNING:Xst:1895 - Due to other FF/Latch trimming, FF/Latch <openmips0/regfile1/regs_14_13> (without init value) has a constant value of 0 in block <openmips_min_sopc>. This FF/Latch will be trimmed during the optimization process.
WARNING:Xst:1895 - Due to other FF/Latch trimming, FF/Latch <openmips0/id_ex0/ex_link_address_15> (without init value) has a constant value of 0 in block <openmips_min_sopc>. This FF/Latch will be trimmed during the optimization process.
WARNING:Xst:1895 - Due to other FF/Latch trimming, FF/Latch <openmips0/regfile1/regs_8_0> (without init value) has a constant value of 0 in block <openmips_min_sopc>. This FF/Latch will be trimmed during the optimization process.
WARNING:Xst:1895 - Due to other FF/Latch trimming, FF/Latch <openmips0/regfile1/regs_8_1> (without init value) has a constant value of 0 in block <openmips_min_sopc>. This FF/Latch will be trimmed during the optimization process.
WARNING:Xst:1895 - Due to other FF/Latch trimming, FF/Latch <openmips0/regfile1/regs_8_2> (without init value) has a constant value of 0 in block <openmips_min_sopc>. This FF/Latch will be trimmed during the optimization process.
WARNING:Xst:1895 - Due to other FF/Latch trimming, FF/Latch <openmips0/regfile1/regs_8_3> (without init value) has a constant value of 0 in block <openmips_min_sopc>. This FF/Latch will be trimmed during the optimization process.
WARNING:Xst:1895 - Due to other FF/Latch trimming, FF/Latch <openmips0/regfile1/regs_8_4> (without init value) has a constant value of 0 in block <openmips_min_sopc>. This FF/Latch will be trimmed during the optimization process.
WARNING:Xst:1895 - Due to other FF/Latch trimming, FF/Latch <openmips0/regfile1/regs_8_5> (without init value) has a constant value of 0 in block <openmips_min_sopc>. This FF/Latch will be trimmed during the optimization process.
WARNING:Xst:1895 - Due to other FF/Latch trimming, FF/Latch <openmips0/regfile1/regs_8_6> (without init value) has a constant value of 0 in block <openmips_min_sopc>. This FF/Latch will be trimmed during the optimization process.
WARNING:Xst:1895 - Due to other FF/Latch trimming, FF/Latch <openmips0/regfile1/regs_8_7> (without init value) has a constant value of 0 in block <openmips_min_sopc>. This FF/Latch will be trimmed during the optimization process.
WARNING:Xst:1895 - Due to other FF/Latch trimming, FF/Latch <openmips0/regfile1/regs_8_8> (without init value) has a constant value of 0 in block <openmips_min_sopc>. This FF/Latch will be trimmed during the optimization process.
WARNING:Xst:1895 - Due to other FF/Latch trimming, FF/Latch <openmips0/regfile1/regs_8_9> (without init value) has a constant value of 0 in block <openmips_min_sopc>. This FF/Latch will be trimmed during the optimization process.
WARNING:Xst:1895 - Due to other FF/Latch trimming, FF/Latch <openmips0/regfile1/regs_8_10> (without init value) has a constant value of 0 in block <openmips_min_sopc>. This FF/Latch will be trimmed during the optimization process.
WARNING:Xst:1895 - Due to other FF/Latch trimming, FF/Latch <openmips0/regfile1/regs_8_11> (without init value) has a constant value of 0 in block <openmips_min_sopc>. This FF/Latch will be trimmed during the optimization process.
WARNING:Xst:1895 - Due to other FF/Latch trimming, FF/Latch <openmips0/regfile1/regs_8_12> (without init value) has a constant value of 0 in block <openmips_min_sopc>. This FF/Latch will be trimmed during the optimization process.
WARNING:Xst:1895 - Due to other FF/Latch trimming, FF/Latch <openmips0/regfile1/regs_8_13> (without init value) has a constant value of 0 in block <openmips_min_sopc>. This FF/Latch will be trimmed during the optimization process.
WARNING:Xst:1895 - Due to other FF/Latch trimming, FF/Latch <openmips0/regfile1/regs_8_14> (without init value) has a constant value of 0 in block <openmips_min_sopc>. This FF/Latch will be trimmed during the optimization process.
WARNING:Xst:1895 - Due to other FF/Latch trimming, FF/Latch <openmips0/regfile1/regs_8_15> (without init value) has a constant value of 0 in block <openmips_min_sopc>. This FF/Latch will be trimmed during the optimization process.
WARNING:Xst:1895 - Due to other FF/Latch trimming, FF/Latch <openmips0/regfile1/regs_9_0> (without init value) has a constant value of 0 in block <openmips_min_sopc>. This FF/Latch will be trimmed during the optimization process.
WARNING:Xst:1895 - Due to other FF/Latch trimming, FF/Latch <openmips0/mem_wb0/wb_wd_3> (without init value) has a constant value of 0 in block <openmips_min_sopc>. This FF/Latch will be trimmed during the optimization process.
WARNING:Xst:1895 - Due to other FF/Latch trimming, FF/Latch <openmips0/id_ex0/ex_aluop_4> (without init value) has a constant value of 0 in block <openmips_min_sopc>. This FF/Latch will be trimmed during the optimization process.
WARNING:Xst:1895 - Due to other FF/Latch trimming, FF/Latch <openmips0/id_ex0/ex_aluop_7> (without init value) has a constant value of 0 in block <openmips_min_sopc>. This FF/Latch will be trimmed during the optimization process.
WARNING:Xst:1895 - Due to other FF/Latch trimming, FF/Latch <openmips0/id_ex0/ex_wd_3> (without init value) has a constant value of 0 in block <openmips_min_sopc>. This FF/Latch will be trimmed during the optimization process.
WARNING:Xst:1895 - Due to other FF/Latch trimming, FF/Latch <openmips0/id_ex0/ex_link_address_0> (without init value) has a constant value of 0 in block <openmips_min_sopc>. This FF/Latch will be trimmed during the optimization process.
WARNING:Xst:1895 - Due to other FF/Latch trimming, FF/Latch <openmips0/id_ex0/ex_link_address_1> (without init value) has a constant value of 0 in block <openmips_min_sopc>. This FF/Latch will be trimmed during the optimization process.
WARNING:Xst:1895 - Due to other FF/Latch trimming, FF/Latch <openmips0/id_ex0/ex_link_address_2> (without init value) has a constant value of 0 in block <openmips_min_sopc>. This FF/Latch will be trimmed during the optimization process.
WARNING:Xst:1895 - Due to other FF/Latch trimming, FF/Latch <openmips0/id_ex0/ex_link_address_3> (without init value) has a constant value of 0 in block <openmips_min_sopc>. This FF/Latch will be trimmed during the optimization process.
WARNING:Xst:1895 - Due to other FF/Latch trimming, FF/Latch <openmips0/id_ex0/ex_link_address_4> (without init value) has a constant value of 0 in block <openmips_min_sopc>. This FF/Latch will be trimmed during the optimization process.
WARNING:Xst:1895 - Due to other FF/Latch trimming, FF/Latch <openmips0/id_ex0/ex_link_address_5> (without init value) has a constant value of 0 in block <openmips_min_sopc>. This FF/Latch will be trimmed during the optimization process.
WARNING:Xst:1895 - Due to other FF/Latch trimming, FF/Latch <openmips0/id_ex0/ex_link_address_6> (without init value) has a constant value of 0 in block <openmips_min_sopc>. This FF/Latch will be trimmed during the optimization process.
WARNING:Xst:1895 - Due to other FF/Latch trimming, FF/Latch <openmips0/id_ex0/ex_link_address_7> (without init value) has a constant value of 0 in block <openmips_min_sopc>. This FF/Latch will be trimmed during the optimization process.
WARNING:Xst:1895 - Due to other FF/Latch trimming, FF/Latch <openmips0/id_ex0/ex_link_address_8> (without init value) has a constant value of 0 in block <openmips_min_sopc>. This FF/Latch will be trimmed during the optimization process.
WARNING:Xst:1895 - Due to other FF/Latch trimming, FF/Latch <openmips0/id_ex0/ex_link_address_9> (without init value) has a constant value of 0 in block <openmips_min_sopc>. This FF/Latch will be trimmed during the optimization process.
WARNING:Xst:1895 - Due to other FF/Latch trimming, FF/Latch <openmips0/id_ex0/ex_link_address_10> (without init value) has a constant value of 0 in block <openmips_min_sopc>. This FF/Latch will be trimmed during the optimization process.
WARNING:Xst:1895 - Due to other FF/Latch trimming, FF/Latch <openmips0/id_ex0/ex_link_address_11> (without init value) has a constant value of 0 in block <openmips_min_sopc>. This FF/Latch will be trimmed during the optimization process.
WARNING:Xst:1895 - Due to other FF/Latch trimming, FF/Latch <openmips0/id_ex0/ex_link_address_12> (without init value) has a constant value of 0 in block <openmips_min_sopc>. This FF/Latch will be trimmed during the optimization process.
WARNING:Xst:1895 - Due to other FF/Latch trimming, FF/Latch <openmips0/id_ex0/ex_link_address_13> (without init value) has a constant value of 0 in block <openmips_min_sopc>. This FF/Latch will be trimmed during the optimization process.
WARNING:Xst:1895 - Due to other FF/Latch trimming, FF/Latch <openmips0/id_ex0/ex_link_address_14> (without init value) has a constant value of 0 in block <openmips_min_sopc>. This FF/Latch will be trimmed during the optimization process.
WARNING:Xst:1895 - Due to other FF/Latch trimming, FF/Latch <openmips0/regfile1/regs_12_4> (without init value) has a constant value of 0 in block <openmips_min_sopc>. This FF/Latch will be trimmed during the optimization process.
WARNING:Xst:1895 - Due to other FF/Latch trimming, FF/Latch <openmips0/regfile1/regs_12_5> (without init value) has a constant value of 0 in block <openmips_min_sopc>. This FF/Latch will be trimmed during the optimization process.
WARNING:Xst:1895 - Due to other FF/Latch trimming, FF/Latch <openmips0/regfile1/regs_12_6> (without init value) has a constant value of 0 in block <openmips_min_sopc>. This FF/Latch will be trimmed during the optimization process.
WARNING:Xst:1895 - Due to other FF/Latch trimming, FF/Latch <openmips0/regfile1/regs_12_7> (without init value) has a constant value of 0 in block <openmips_min_sopc>. This FF/Latch will be trimmed during the optimization process.
WARNING:Xst:1895 - Due to other FF/Latch trimming, FF/Latch <openmips0/regfile1/regs_12_8> (without init value) has a constant value of 0 in block <openmips_min_sopc>. This FF/Latch will be trimmed during the optimization process.
WARNING:Xst:1895 - Due to other FF/Latch trimming, FF/Latch <openmips0/regfile1/regs_12_9> (without init value) has a constant value of 0 in block <openmips_min_sopc>. This FF/Latch will be trimmed during the optimization process.
WARNING:Xst:1895 - Due to other FF/Latch trimming, FF/Latch <openmips0/regfile1/regs_12_10> (without init value) has a constant value of 0 in block <openmips_min_sopc>. This FF/Latch will be trimmed during the optimization process.
WARNING:Xst:1895 - Due to other FF/Latch trimming, FF/Latch <openmips0/regfile1/regs_12_11> (without init value) has a constant value of 0 in block <openmips_min_sopc>. This FF/Latch will be trimmed during the optimization process.
WARNING:Xst:1895 - Due to other FF/Latch trimming, FF/Latch <openmips0/regfile1/regs_12_12> (without init value) has a constant value of 0 in block <openmips_min_sopc>. This FF/Latch will be trimmed during the optimization process.
WARNING:Xst:1895 - Due to other FF/Latch trimming, FF/Latch <openmips0/regfile1/regs_12_13> (without init value) has a constant value of 0 in block <openmips_min_sopc>. This FF/Latch will be trimmed during the optimization process.
WARNING:Xst:1895 - Due to other FF/Latch trimming, FF/Latch <openmips0/regfile1/regs_12_14> (without init value) has a constant value of 0 in block <openmips_min_sopc>. This FF/Latch will be trimmed during the optimization process.
WARNING:Xst:1895 - Due to other FF/Latch trimming, FF/Latch <openmips0/regfile1/regs_12_15> (without init value) has a constant value of 0 in block <openmips_min_sopc>. This FF/Latch will be trimmed during the optimization process.
WARNING:Xst:1895 - Due to other FF/Latch trimming, FF/Latch <openmips0/regfile1/regs_10_0> (without init value) has a constant value of 0 in block <openmips_min_sopc>. This FF/Latch will be trimmed during the optimization process.
WARNING:Xst:1895 - Due to other FF/Latch trimming, FF/Latch <openmips0/regfile1/regs_10_1> (without init value) has a constant value of 0 in block <openmips_min_sopc>. This FF/Latch will be trimmed during the optimization process.
WARNING:Xst:1895 - Due to other FF/Latch trimming, FF/Latch <openmips0/regfile1/regs_10_2> (without init value) has a constant value of 0 in block <openmips_min_sopc>. This FF/Latch will be trimmed during the optimization process.
WARNING:Xst:1895 - Due to other FF/Latch trimming, FF/Latch <openmips0/regfile1/regs_10_3> (without init value) has a constant value of 0 in block <openmips_min_sopc>. This FF/Latch will be trimmed during the optimization process.
WARNING:Xst:1895 - Due to other FF/Latch trimming, FF/Latch <openmips0/regfile1/regs_10_4> (without init value) has a constant value of 0 in block <openmips_min_sopc>. This FF/Latch will be trimmed during the optimization process.
WARNING:Xst:1895 - Due to other FF/Latch trimming, FF/Latch <openmips0/regfile1/regs_10_5> (without init value) has a constant value of 0 in block <openmips_min_sopc>. This FF/Latch will be trimmed during the optimization process.
WARNING:Xst:1895 - Due to other FF/Latch trimming, FF/Latch <openmips0/regfile1/regs_9_1> (without init value) has a constant value of 0 in block <openmips_min_sopc>. This FF/Latch will be trimmed during the optimization process.
WARNING:Xst:1895 - Due to other FF/Latch trimming, FF/Latch <openmips0/regfile1/regs_9_2> (without init value) has a constant value of 0 in block <openmips_min_sopc>. This FF/Latch will be trimmed during the optimization process.
WARNING:Xst:1895 - Due to other FF/Latch trimming, FF/Latch <openmips0/regfile1/regs_9_3> (without init value) has a constant value of 0 in block <openmips_min_sopc>. This FF/Latch will be trimmed during the optimization process.
WARNING:Xst:1895 - Due to other FF/Latch trimming, FF/Latch <openmips0/regfile1/regs_9_4> (without init value) has a constant value of 0 in block <openmips_min_sopc>. This FF/Latch will be trimmed during the optimization process.
WARNING:Xst:1895 - Due to other FF/Latch trimming, FF/Latch <openmips0/regfile1/regs_9_5> (without init value) has a constant value of 0 in block <openmips_min_sopc>. This FF/Latch will be trimmed during the optimization process.
WARNING:Xst:1895 - Due to other FF/Latch trimming, FF/Latch <openmips0/regfile1/regs_9_6> (without init value) has a constant value of 0 in block <openmips_min_sopc>. This FF/Latch will be trimmed during the optimization process.
WARNING:Xst:1895 - Due to other FF/Latch trimming, FF/Latch <openmips0/regfile1/regs_9_7> (without init value) has a constant value of 0 in block <openmips_min_sopc>. This FF/Latch will be trimmed during the optimization process.
WARNING:Xst:1895 - Due to other FF/Latch trimming, FF/Latch <openmips0/regfile1/regs_9_8> (without init value) has a constant value of 0 in block <openmips_min_sopc>. This FF/Latch will be trimmed during the optimization process.
WARNING:Xst:1895 - Due to other FF/Latch trimming, FF/Latch <openmips0/regfile1/regs_9_9> (without init value) has a constant value of 0 in block <openmips_min_sopc>. This FF/Latch will be trimmed during the optimization process.
WARNING:Xst:1895 - Due to other FF/Latch trimming, FF/Latch <openmips0/regfile1/regs_9_10> (without init value) has a constant value of 0 in block <openmips_min_sopc>. This FF/Latch will be trimmed during the optimization process.
WARNING:Xst:1895 - Due to other FF/Latch trimming, FF/Latch <openmips0/regfile1/regs_9_11> (without init value) has a constant value of 0 in block <openmips_min_sopc>. This FF/Latch will be trimmed during the optimization process.
WARNING:Xst:1895 - Due to other FF/Latch trimming, FF/Latch <openmips0/regfile1/regs_9_12> (without init value) has a constant value of 0 in block <openmips_min_sopc>. This FF/Latch will be trimmed during the optimization process.
WARNING:Xst:1895 - Due to other FF/Latch trimming, FF/Latch <openmips0/regfile1/regs_9_13> (without init value) has a constant value of 0 in block <openmips_min_sopc>. This FF/Latch will be trimmed during the optimization process.
WARNING:Xst:1895 - Due to other FF/Latch trimming, FF/Latch <openmips0/regfile1/regs_9_14> (without init value) has a constant value of 0 in block <openmips_min_sopc>. This FF/Latch will be trimmed during the optimization process.
WARNING:Xst:1895 - Due to other FF/Latch trimming, FF/Latch <openmips0/regfile1/regs_9_15> (without init value) has a constant value of 0 in block <openmips_min_sopc>. This FF/Latch will be trimmed during the optimization process.
WARNING:Xst:1895 - Due to other FF/Latch trimming, FF/Latch <openmips0/regfile1/regs_12_0> (without init value) has a constant value of 0 in block <openmips_min_sopc>. This FF/Latch will be trimmed during the optimization process.
WARNING:Xst:1895 - Due to other FF/Latch trimming, FF/Latch <openmips0/regfile1/regs_12_1> (without init value) has a constant value of 0 in block <openmips_min_sopc>. This FF/Latch will be trimmed during the optimization process.
WARNING:Xst:1895 - Due to other FF/Latch trimming, FF/Latch <openmips0/regfile1/regs_12_2> (without init value) has a constant value of 0 in block <openmips_min_sopc>. This FF/Latch will be trimmed during the optimization process.
WARNING:Xst:1895 - Due to other FF/Latch trimming, FF/Latch <openmips0/regfile1/regs_12_3> (without init value) has a constant value of 0 in block <openmips_min_sopc>. This FF/Latch will be trimmed during the optimization process.
WARNING:Xst:1895 - Due to other FF/Latch trimming, FF/Latch <openmips0/ex_mem0/mem_wd_3> (without init value) has a constant value of 0 in block <openmips_min_sopc>. This FF/Latch will be trimmed during the optimization process.
WARNING:Xst:2677 - Node <openmips0/id_ex0/ex_is_in_delayslot> of sequential type is unconnected in block <openmips_min_sopc>.
WARNING:Xst:2677 - Node <openmips0/id_ex0/is_in_delayslot_o> of sequential type is unconnected in block <openmips_min_sopc>.
WARNING:Xst:2677 - Node <openmips0/if_id0/id_pc_7> of sequential type is unconnected in block <openmips_min_sopc>.
WARNING:Xst:2677 - Node <openmips0/if_id0/id_pc_8> of sequential type is unconnected in block <openmips_min_sopc>.
WARNING:Xst:2677 - Node <openmips0/if_id0/id_pc_9> of sequential type is unconnected in block <openmips_min_sopc>.
WARNING:Xst:2677 - Node <openmips0/if_id0/id_pc_10> of sequential type is unconnected in block <openmips_min_sopc>.
WARNING:Xst:2677 - Node <openmips0/if_id0/id_pc_11> of sequential type is unconnected in block <openmips_min_sopc>.
WARNING:Xst:2677 - Node <openmips0/if_id0/id_pc_12> of sequential type is unconnected in block <openmips_min_sopc>.
WARNING:Xst:2677 - Node <openmips0/if_id0/id_pc_13> of sequential type is unconnected in block <openmips_min_sopc>.
WARNING:Xst:2677 - Node <openmips0/if_id0/id_pc_14> of sequential type is unconnected in block <openmips_min_sopc>.
WARNING:Xst:2677 - Node <openmips0/if_id0/id_pc_15> of sequential type is unconnected in block <openmips_min_sopc>.
WARNING:Xst:2677 - Node <openmips0/pc_reg0/pc_15> of sequential type is unconnected in block <openmips_min_sopc>.
WARNING:Xst:2677 - Node <openmips0/pc_reg0/pc_14> of sequential type is unconnected in block <openmips_min_sopc>.
WARNING:Xst:2677 - Node <openmips0/pc_reg0/pc_13> of sequential type is unconnected in block <openmips_min_sopc>.
WARNING:Xst:2677 - Node <openmips0/pc_reg0/pc_12> of sequential type is unconnected in block <openmips_min_sopc>.
WARNING:Xst:2677 - Node <openmips0/pc_reg0/pc_11> of sequential type is unconnected in block <openmips_min_sopc>.
WARNING:Xst:2677 - Node <openmips0/pc_reg0/pc_10> of sequential type is unconnected in block <openmips_min_sopc>.
WARNING:Xst:2677 - Node <openmips0/pc_reg0/pc_9> of sequential type is unconnected in block <openmips_min_sopc>.
WARNING:Xst:2677 - Node <openmips0/pc_reg0/pc_8> of sequential type is unconnected in block <openmips_min_sopc>.
WARNING:Xst:2677 - Node <openmips0/pc_reg0/pc_7> of sequential type is unconnected in block <openmips_min_sopc>.

Mapping all equations...
Building and optimizing final netlist ...
INFO:Xst:2261 - The FF/Latch <openmips0/if_id0/id_inst_13> in Unit <openmips_min_sopc> is equivalent to the following FF/Latch, which will be removed : <openmips0/if_id0/id_inst_14> 
INFO:Xst:2261 - The FF/Latch <openmips0/if_id0/id_inst_4> in Unit <openmips_min_sopc> is equivalent to the following FF/Latch, which will be removed : <openmips0/if_id0/id_inst_10> 
INFO:Xst:2261 - The FF/Latch <openmips0/id_ex0/ex_aluop_1> in Unit <openmips_min_sopc> is equivalent to the following FF/Latch, which will be removed : <openmips0/id_ex0/ex_alusel_1> 
INFO:Xst:2261 - The FF/Latch <openmips0/if_id0/id_inst_0> in Unit <openmips_min_sopc> is equivalent to the following FF/Latch, which will be removed : <openmips0/if_id0/id_inst_2> 
Found area constraint ratio of 100 (+ 5) on block openmips_min_sopc, actual ratio is 3.

Final Macro Processing ...

=========================================================================
Final Register Report

Macro Statistics
# Registers                                            : 223
 Flip-Flops                                            : 223

=========================================================================

=========================================================================
*                           Partition Report                            *
=========================================================================

Partition Implementation Status
-------------------------------

  No Partitions were found in this design.

-------------------------------

=========================================================================
*                            Final Report                               *
=========================================================================
Final Results
RTL Top Level Output File Name     : openmips_min_sopc.ngr
Top Level Output File Name         : openmips_min_sopc
Output Format                      : NGC
Optimization Goal                  : Speed
Keep Hierarchy                     : No

Design Statistics
# IOs                              : 18

Cell Usage :
# BELS                             : 718
#      GND                         : 1
#      INV                         : 23
#      LUT1                        : 3
#      LUT2                        : 34
#      LUT3                        : 93
#      LUT3_D                      : 7
#      LUT3_L                      : 3
#      LUT4                        : 276
#      LUT4_D                      : 28
#      LUT4_L                      : 47
#      MUXCY                       : 48
#      MUXF5                       : 69
#      MUXF6                       : 32
#      VCC                         : 1
#      XORCY                       : 53
# FlipFlops/Latches                : 223
#      FDR                         : 90
#      FDRE                        : 98
#      FDRS                        : 21
#      FDSE                        : 14
# Clock Buffers                    : 1
#      BUFGP                       : 1
# IO Buffers                       : 17
#      IBUF                        : 1
#      OBUF                        : 16
=========================================================================

Device utilization summary:
---------------------------

Selected Device : 3s1200efg320-4 

 Number of Slices:                      305  out of   8672     3%  
 Number of Slice Flip Flops:            223  out of  17344     1%  
 Number of 4 input LUTs:                514  out of  17344     2%  
 Number of IOs:                          18
 Number of bonded IOBs:                  18  out of    250     7%  
 Number of GCLKs:                         1  out of     24     4%  

---------------------------
Partition Resource Summary:
---------------------------

  No Partitions were found in this design.

---------------------------


=========================================================================
TIMING REPORT

NOTE: THESE TIMING NUMBERS ARE ONLY A SYNTHESIS ESTIMATE.
      FOR ACCURATE TIMING INFORMATION PLEASE REFER TO THE TRACE REPORT
      GENERATED AFTER PLACE-and-ROUTE.

Clock Information:
------------------
-----------------------------------+------------------------+-------+
Clock Signal                       | Clock buffer(FF name)  | Load  |
-----------------------------------+------------------------+-------+
clk                                | BUFGP                  | 223   |
-----------------------------------+------------------------+-------+

Asynchronous Control Signals Information:
----------------------------------------
No asynchronous control signals found in this design

Timing Summary:
---------------
Speed Grade: -4

   Minimum period: 11.391ns (Maximum Frequency: 87.789MHz)
   Minimum input arrival time before clock: 12.451ns
   Maximum output required time after clock: 4.394ns
   Maximum combinational path delay: No path found

Timing Detail:
--------------
All values displayed in nanoseconds (ns)

=========================================================================
Timing constraint: Default period analysis for Clock 'clk'
  Clock period: 11.391ns (frequency: 87.789MHz)
  Total number of paths / destination ports: 15760 / 361
-------------------------------------------------------------------------
Delay:               11.391ns (Levels of Logic = 6)
  Source:            openmips0/if_id0/id_inst_12 (FF)
  Destination:       openmips0/id_ex0/ex_reg1_8 (FF)
  Source Clock:      clk rising
  Destination Clock: clk rising

  Data Path: openmips0/if_id0/id_inst_12 to openmips0/id_ex0/ex_reg1_8
                                Gate     Net
    Cell:in->out      fanout   Delay   Delay  Logical Name (Net Name)
    ----------------------------------------  ------------
     FDR:C->Q             14   0.591   1.035  openmips0/if_id0/id_inst_12 (openmips0/if_id0/id_inst_12)
     LUT3:I2->O            1   0.704   0.455  openmips0/id0/aluop_o<3>1241 (openmips0/id0/aluop_o<3>124)
     LUT4:I2->O            7   0.704   0.743  openmips0/id0/aluop_o<3>126 (openmips0/id0/N7)
     LUT3:I2->O           22   0.704   1.199  openmips0/id0/wreg_o24 (openmips0/id_wreg_o)
     LUT3_D:I2->O         15   0.704   1.052  openmips0/id0/reg1_o_and000155 (openmips0/id0/reg1_o_and0001)
     LUT4:I2->O            8   0.704   0.761  openmips0/id0/reg1_o<0>11 (openmips0/id0/N5)
     LUT4:I3->O            1   0.704   0.420  openmips0/id0/reg1_o<8>14 (openmips0/id0/reg1_o<8>14)
     FDRS:S                    0.911          openmips0/id_ex0/ex_reg1_8
    ----------------------------------------
    Total                     11.391ns (5.726ns logic, 5.665ns route)
                                       (50.3% logic, 49.7% route)

=========================================================================
Timing constraint: Default OFFSET IN BEFORE for Clock 'clk'
  Total number of paths / destination ports: 2114 / 323
-------------------------------------------------------------------------
Offset:              12.451ns (Levels of Logic = 7)
  Source:            rst (PAD)
  Destination:       openmips0/id_ex0/ex_reg1_8 (FF)
  Destination Clock: clk rising

  Data Path: rst to openmips0/id_ex0/ex_reg1_8
                                Gate     Net
    Cell:in->out      fanout   Delay   Delay  Logical Name (Net Name)
    ----------------------------------------  ------------
     IBUF:I->O           228   1.218   1.499  rst_IBUF (rst_IBUF)
     LUT3:I0->O            1   0.704   0.424  openmips0/id0/aluop_o<3>17 (openmips0/id0/aluop_o<3>17)
     LUT4:I3->O            7   0.704   0.743  openmips0/id0/aluop_o<3>126 (openmips0/id0/N7)
     LUT3:I2->O           22   0.704   1.199  openmips0/id0/wreg_o24 (openmips0/id_wreg_o)
     LUT3_D:I2->O         15   0.704   1.052  openmips0/id0/reg1_o_and000155 (openmips0/id0/reg1_o_and0001)
     LUT4:I2->O            8   0.704   0.761  openmips0/id0/reg1_o<0>11 (openmips0/id0/N5)
     LUT4:I3->O            1   0.704   0.420  openmips0/id0/reg1_o<8>14 (openmips0/id0/reg1_o<8>14)
     FDRS:S                    0.911          openmips0/id_ex0/ex_reg1_8
    ----------------------------------------
    Total                     12.451ns (6.353ns logic, 6.098ns route)
                                       (51.0% logic, 49.0% route)

=========================================================================
Timing constraint: Default OFFSET OUT AFTER for Clock 'clk'
  Total number of paths / destination ports: 16 / 16
-------------------------------------------------------------------------
Offset:              4.394ns (Levels of Logic = 1)
  Source:            openmips0/regfile1/regs_1_15 (FF)
  Destination:       register1<15> (PAD)
  Source Clock:      clk rising

  Data Path: openmips0/regfile1/regs_1_15 to register1<15>
                                Gate     Net
    Cell:in->out      fanout   Delay   Delay  Logical Name (Net Name)
    ----------------------------------------  ------------
     FDRE:C->Q             3   0.591   0.531  openmips0/regfile1/regs_1_15 (openmips0/regfile1/regs_1_15)
     OBUF:I->O                 3.272          register1_15_OBUF (register1<15>)
    ----------------------------------------
    Total                      4.394ns (3.863ns logic, 0.531ns route)
                                       (87.9% logic, 12.1% route)

=========================================================================


Total REAL time to Xst completion: 11.00 secs
Total CPU time to Xst completion: 10.37 secs
 
--> 

Total memory usage is 276304 kilobytes

Number of errors   :    0 (   0 filtered)
Number of warnings :  364 (   0 filtered)
Number of infos    :    6 (   0 filtered)

