--------------------------------------------------------------------------------
Release 14.7 Trace  (nt64)
Copyright (c) 1995-2013 Xilinx, Inc.  All rights reserved.

C:\Xilinx\14.7\ISE_DS\ISE\bin\nt64\unwrapped\trce.exe -intstyle ise -v 3 -s 4
-n 3 -fastpaths -xml openmips_min_sopc.twx openmips_min_sopc.ncd -o
openmips_min_sopc.twr openmips_min_sopc.pcf -ucf openmips_min_sopc.ucf

Design file:              openmips_min_sopc.ncd
Physical constraint file: openmips_min_sopc.pcf
Device,package,speed:     xc3s1200e,fg320,-4 (PRODUCTION 1.27 2013-10-13)
Report level:             verbose report

Environment Variable      Effect 
--------------------      ------ 
NONE                      No environment variables were set
--------------------------------------------------------------------------------

INFO:Timing:2698 - No timing constraints found, doing default enumeration.
INFO:Timing:3412 - To improve timing, see the Timing Closure User Guide (UG612).
INFO:Timing:2752 - To get complete path coverage, use the unconstrained paths 
   option. All paths that are not constrained will be reported in the 
   unconstrained paths section(s) of the report.
INFO:Timing:3339 - The clock-to-out numbers in this timing report are based on 
   a 50 Ohm transmission line loading model.  For the details of this model, 
   and for more information on accounting for different loading conditions, 
   please see the device datasheet.
INFO:Timing:3390 - This architecture does not support a default System Jitter 
   value, please add SYSTEM_JITTER constraint to the UCF to modify the Clock 
   Uncertainty calculation.
INFO:Timing:3389 - This architecture does not support 'Discrete Jitter' and 
   'Phase Error' calculations, these terms will be zero in the Clock 
   Uncertainty calculation.  Please make appropriate modification to 
   SYSTEM_JITTER to account for the unsupported Discrete Jitter and Phase 
   Error.



Data Sheet report:
-----------------
All values displayed in nanoseconds (ns)

Setup/Hold to clock clk
------------+------------+------------+------------------+--------+
            |Max Setup to|Max Hold to |                  | Clock  |
Source      | clk (edge) | clk (edge) |Internal Clock(s) | Phase  |
------------+------------+------------+------------------+--------+
rst         |    9.623(R)|    0.599(R)|clk_BUFGP         |   0.000|
------------+------------+------------+------------------+--------+

Clock clk to Pad
-------------+------------+------------------+--------+
             | clk (edge) |                  | Clock  |
Destination  |   to PAD   |Internal Clock(s) | Phase  |
-------------+------------+------------------+--------+
register1<0> |    9.388(R)|clk_BUFGP         |   0.000|
register1<1> |   10.008(R)|clk_BUFGP         |   0.000|
register1<2> |   10.316(R)|clk_BUFGP         |   0.000|
register1<3> |    9.927(R)|clk_BUFGP         |   0.000|
register1<4> |   10.089(R)|clk_BUFGP         |   0.000|
register1<5> |   12.630(R)|clk_BUFGP         |   0.000|
register1<6> |    9.209(R)|clk_BUFGP         |   0.000|
register1<7> |    9.893(R)|clk_BUFGP         |   0.000|
register1<8> |    8.991(R)|clk_BUFGP         |   0.000|
register1<9> |    9.613(R)|clk_BUFGP         |   0.000|
register1<10>|    9.817(R)|clk_BUFGP         |   0.000|
register1<11>|   10.418(R)|clk_BUFGP         |   0.000|
register1<12>|   11.332(R)|clk_BUFGP         |   0.000|
register1<13>|    9.944(R)|clk_BUFGP         |   0.000|
register1<14>|   11.000(R)|clk_BUFGP         |   0.000|
register1<15>|   10.628(R)|clk_BUFGP         |   0.000|
-------------+------------+------------------+--------+

Clock to Setup on destination clock clk
---------------+---------+---------+---------+---------+
               | Src:Rise| Src:Fall| Src:Rise| Src:Fall|
Source Clock   |Dest:Rise|Dest:Rise|Dest:Fall|Dest:Fall|
---------------+---------+---------+---------+---------+
clk            |    8.994|         |         |         |
---------------+---------+---------+---------+---------+


Analysis completed Wed Dec 05 00:31:12 2018 
--------------------------------------------------------------------------------

Trace Settings:
-------------------------
Trace Settings 

Peak Memory Usage: 184 MB



