#-----------------------------------------------------------
# PlanAhead v14.6 (64-bit)
# Build 269223 by xbuild on Wed Jun  5 11:14:03 MDT 2013
# Start of session at: Sat Dec 01 19:09:53 2018
# Process ID: 6544
# Log file: C:/Users/lenovo/Desktop/project/planAhead_run_4/planAhead.log
# Journal file: C:/Users/lenovo/Desktop/project/planAhead_run_4/planAhead.jou
#-----------------------------------------------------------
start_gui
source C:/Users/lenovo/Desktop/project/pa.fromNetlist.tcl
startgroup
set_property package_pin A14 [get_ports {register1[15]}]
endgroup
startgroup
set_property package_pin E13 [get_ports {register1[14]}]
endgroup
startgroup
set_property package_pin D13 [get_ports {register1[13]}]
endgroup
startgroup
set_property package_pin B13 [get_ports {register1[12]}]
endgroup
startgroup
set_property package_pin A13 [get_ports {register1[11]}]
endgroup
startgroup
set_property package_pin F12 [get_ports {register1[10]}]
endgroup
startgroup
set_property package_pin E2 [get_ports {register1[9]}]
endgroup
set_property package_pin "" [get_ports [list  {register1[8]}]]
startgroup
set_property package_pin E12 [get_ports {register1[9]}]
endgroup
startgroup
set_property package_pin A12 [get_ports {register1[8]}]
endgroup
startgroup
set_property package_pin F11 [get_ports {register1[7]}]
endgroup
startgroup
set_property package_pin E11 [get_ports {register1[6]}]
endgroup
startgroup
set_property package_pin D11 [get_ports {register1[5]}]
endgroup
startgroup
set_property package_pin C11 [get_ports {register1[4]}]
endgroup
startgroup
set_property package_pin B11 [get_ports {register1[3]}]
endgroup
startgroup
set_property package_pin A11 [get_ports {register1[2]}]
endgroup
startgroup
set_property package_pin E10 [get_ports {register1[1]}]
endgroup
startgroup
set_property package_pin D10 [get_ports {register1[0]}]
endgroup
startgroup
set_property package_pin U9 [get_ports clk]
endgroup
startgroup
set_property package_pin U10 [get_ports rst]
endgroup
save_constraints
