--------------------------------------------------------------------------------------
Timing Analyzer Summary
--------------------------------------------------------------------------------------

Type           : Worst-case tsu
Slack          : N/A
Required Time  : None
Actual Time    : 7.152 ns
From           : rst
To             : openmips:openmips0|id_ex:id_ex0|ex_reg1[7]
From Clock     : --
To Clock       : clk
Failed Paths   : 0

Type           : Worst-case tco
Slack          : N/A
Required Time  : None
Actual Time    : 5.614 ns
From           : openmips:openmips0|regfile:regfile1|regs[1][15]
To             : register1[15]
From Clock     : clk
To Clock       : --
Failed Paths   : 0

Type           : Worst-case th
Slack          : N/A
Required Time  : None
Actual Time    : -0.754 ns
From           : rst
To             : openmips:openmips0|regfile:regfile1|regs[7][6]
From Clock     : --
To Clock       : clk
Failed Paths   : 0

Type           : Clock Setup: 'clk'
Slack          : N/A
Required Time  : None
Actual Time    : 116.04 MHz ( period = 8.618 ns )
From           : openmips:openmips0|if_id:if_id0|id_inst[11]
To             : openmips:openmips0|id_ex:id_ex0|ex_reg1[7]
From Clock     : clk
To Clock       : clk
Failed Paths   : 0

Type           : Total number of failed paths
Slack          : 
Required Time  : 
Actual Time    : 
From           : 
To             : 
From Clock     : 
To Clock       : 
Failed Paths   : 0

--------------------------------------------------------------------------------------

