Info: Start Nativelink Simulation process
Info: NativeLink has detected Verilog design -- Verilog simulation models will be used

========= EDA Simulation Settings =====================

Sim Mode              :  RTL
Family                :  stratixiii
Quartus root          :  c:/program files/altera/90sp2/quartus/bin/
Quartus sim root      :  c:/program files/altera/90sp2/quartus/eda/sim_lib
Simulation Tool       :  modelsim
Simulation Language   :  verilog
Simulation Mode       :  GUI
Sim Output File       :  openmips_min_sopc_tb.vo
Sim SDF file          :  openmips_min_sopc_tb__verilog.sdo
Sim dir               :  simulation\modelsim

=======================================================

Info: Starting NativeLink simulation with ModelSim software
Sourced NativeLink script c:/program files/altera/90sp2/quartus/common/tcl/internal/nativelink/modelsim.tcl
Warning: File openmips_min_sopc_tb_run_msim_rtl_verilog.do already exists - backing up current file as openmips_min_sopc_tb_run_msim_rtl_verilog.do.bak10
Info: Spawning ModelSim Simulation software 
