Flow report for openmips_min_sopc_tb
Wed Dec 05 00:28:44 2018
Quartus II Version 9.0 Build 235 06/17/2009 Service Pack 2 SJ Web Edition


---------------------
; Table of Contents ;
---------------------
  1. Legal Notice
  2. Flow Summary
  3. Flow Settings
  4. Flow Non-Default Global Settings
  5. Flow Elapsed Time
  6. Flow OS Summary
  7. Flow Log



----------------
; Legal Notice ;
----------------
Copyright (C) 1991-2009 Altera Corporation
Your use of Altera Corporation's design tools, logic functions 
and other software and tools, and its AMPP partner logic 
functions, and any output files from any of the foregoing 
(including device programming or simulation files), and any 
associated documentation or information are expressly subject 
to the terms and conditions of the Altera Program License 
Subscription Agreement, Altera MegaCore Function License 
Agreement, or other applicable license agreement, including, 
without limitation, that your use is for the sole purpose of 
programming logic devices manufactured by Altera and sold by 
Altera or its authorized distributors.  Please refer to the 
applicable agreement for further details.



+------------------------------------------------------------------------------+
; Flow Summary                                                                 ;
+-------------------------------+----------------------------------------------+
; Flow Status                   ; Successful - Wed Dec 05 00:28:44 2018        ;
; Quartus II Version            ; 9.0 Build 235 06/17/2009 SP 2 SJ Web Edition ;
; Revision Name                 ; openmips_min_sopc_tb                         ;
; Top-level Entity Name         ; openmips_min_sopc                            ;
; Family                        ; Stratix III                                  ;
; Met timing requirements       ; N/A                                          ;
; Logic utilization             ; N/A                                          ;
;     Combinational ALUTs       ; 1,066                                        ;
;     Memory ALUTs              ; 0                                            ;
;     Dedicated logic registers ; 2,287                                        ;
; Total registers               ; 2287                                         ;
; Total pins                    ; 18                                           ;
; Total virtual pins            ; 0                                            ;
; Total block memory bits       ; 0                                            ;
; DSP block 18-bit elements     ; 0                                            ;
; Total PLLs                    ; 0                                            ;
; Total DLLs                    ; 0                                            ;
+-------------------------------+----------------------------------------------+


+------------------------------------------+
; Flow Settings                            ;
+-------------------+----------------------+
; Option            ; Setting              ;
+-------------------+----------------------+
; Start date & time ; 12/05/2018 00:28:38  ;
; Main task         ; Compilation          ;
; Revision Name     ; openmips_min_sopc_tb ;
+-------------------+----------------------+


+-------------------------------------------------------------------------------------------------------------------------------------+
; Flow Non-Default Global Settings                                                                                                    ;
+--------------------------------------+--------------------------------+------------------------------+-------------+----------------+
; Assignment Name                      ; Value                          ; Default Value                ; Entity Name ; Section Id     ;
+--------------------------------------+--------------------------------+------------------------------+-------------+----------------+
; COMPILER_SIGNATURE_ID                ; 93328253497077.154394091803280 ; --                           ; --          ; --             ;
; EDA_DESIGN_INSTANCE_NAME             ; openmips_min_sopc0             ; --                           ; --          ; --             ;
; EDA_NATIVELINK_SIMULATION_TEST_BENCH ; openmips_min_sopc_tb           ; --                           ; --          ; eda_simulation ;
; EDA_OUTPUT_DATA_FORMAT               ; Verilog Hdl                    ; --                           ; --          ; eda_simulation ;
; EDA_SIMULATION_TOOL                  ; ModelSim (Verilog)             ; <None>                       ; --          ; --             ;
; EDA_TEST_BENCH_ENABLE_STATUS         ; TEST_BENCH_MODE                ; --                           ; --          ; eda_simulation ;
; EDA_TEST_BENCH_FILE                  ; ../openmips_min_sopc_tb.v      ; --                           ; --          ; --             ;
; EDA_TEST_BENCH_MODULE_NAME           ; openmips_min_sopc_tb           ; --                           ; --          ; --             ;
; EDA_TEST_BENCH_NAME                  ; openmips_min_sopc_tb           ; --                           ; --          ; eda_simulation ;
; EDA_TEST_BENCH_RUN_SIM_FOR           ; 4000 ns                        ; --                           ; --          ; --             ;
; EDA_TIME_SCALE                       ; 1 ps                           ; --                           ; --          ; eda_simulation ;
; INCREMENTAL_COMPILATION              ; Off                            ; FULL_INCREMENTAL_COMPILATION ; --          ; --             ;
; TOP_LEVEL_ENTITY                     ; openmips_min_sopc              ; openmips_min_sopc_tb         ; --          ; --             ;
; USE_GENERATED_PHYSICAL_CONSTRAINTS   ; Off                            ; --                           ; --          ; eda_blast_fpga ;
+--------------------------------------+--------------------------------+------------------------------+-------------+----------------+


+--------------------------------------------------------------------------------------------------------------------------+
; Flow Elapsed Time                                                                                                        ;
+----------------------+--------------+-------------------------+---------------------+------------------------------------+
; Module Name          ; Elapsed Time ; Average Processors Used ; Peak Virtual Memory ; Total CPU Time (on all processors) ;
+----------------------+--------------+-------------------------+---------------------+------------------------------------+
; Analysis & Synthesis ; 00:00:06     ; 1.0                     ; 267 MB              ; 00:00:06                           ;
; Total                ; 00:00:06     ; --                      ; --                  ; 00:00:06                           ;
+----------------------+--------------+-------------------------+---------------------+------------------------------------+


+---------------------------------------------------------------------------------------+
; Flow OS Summary                                                                       ;
+----------------------+------------------+---------------+------------+----------------+
; Module Name          ; Machine Hostname ; OS Name       ; OS Version ; Processor type ;
+----------------------+------------------+---------------+------------+----------------+
; Analysis & Synthesis ; DESKTOP-KRH4TOG  ; Windows Vista ; 6.2        ; x86_64         ;
+----------------------+------------------+---------------+------------+----------------+


------------
; Flow Log ;
------------
quartus_map --read_settings_files=on --write_settings_files=off openmips_min_sopc_tb -c openmips_min_sopc_tb



